Component: Arm Compiler for Embedded 6.24 Tool: armlink [5f371500]

==============================================================================

Section Cross References

    startup_stm32g431xx.o(RESET) refers to startup_stm32g431xx.o(STACK) for __initial_sp
    startup_stm32g431xx.o(RESET) refers to startup_stm32g431xx.o(.text) for Reset_Handler
    startup_stm32g431xx.o(RESET) refers to stm32g4xx_it.o(.text.NMI_Handler) for NMI_Handler
    startup_stm32g431xx.o(RESET) refers to stm32g4xx_it.o(.text.HardFault_Handler) for HardFault_Handler
    startup_stm32g431xx.o(RESET) refers to stm32g4xx_it.o(.text.MemManage_Handler) for MemManage_Handler
    startup_stm32g431xx.o(RESET) refers to stm32g4xx_it.o(.text.BusFault_Handler) for BusFault_Handler
    startup_stm32g431xx.o(RESET) refers to stm32g4xx_it.o(.text.UsageFault_Handler) for UsageFault_Handler
    startup_stm32g431xx.o(RESET) refers to stm32g4xx_it.o(.text.SVC_Handler) for SVC_Handler
    startup_stm32g431xx.o(RESET) refers to stm32g4xx_it.o(.text.DebugMon_Handler) for DebugMon_Handler
    startup_stm32g431xx.o(RESET) refers to stm32g4xx_it.o(.text.PendSV_Handler) for PendSV_Handler
    startup_stm32g431xx.o(RESET) refers to stm32g4xx_it.o(.text.SysTick_Handler) for SysTick_Handler
    startup_stm32g431xx.o(.text) refers to system_stm32g4xx.o(.text.SystemInit) for SystemInit
    startup_stm32g431xx.o(.text) refers to entry.o(.ARM.Collect$$$$00000000) for __main
    main.o(.text.main) refers to sys.o(.text.SystemClock_Config) for SystemClock_Config
    main.o(.text.main) refers to gpio.o(.text.MX_GPIO_Init) for MX_GPIO_Init
    main.o(.text.main) refers to adc.o(.text.MX_ADC1_Init) for MX_ADC1_Init
    main.o(.text.main) refers to adc.o(.text.MX_ADC2_Init) for MX_ADC2_Init
    main.o(.text.main) refers to tim.o(.text.MX_TIM1_Init) for MX_TIM1_Init
    main.o(.text.main) refers to tim.o(.text.MX_TIM2_Init) for MX_TIM2_Init
    main.o(.text.main) refers to tim.o(.text.MX_TIM3_Init) for MX_TIM3_Init
    main.o(.text.main) refers to usart.o(.text.MX_USART1_UART_Init) for MX_USART1_UART_Init
    main.o(.text.main) refers to lcd.o(.text.LCD_Init) for LCD_Init
    main.o(.text.main) refers to stm32g4xx_hal.o(.text.HAL_Delay) for HAL_Delay
    main.o(.text.main) refers to lcd.o(.text.LCD_Clear) for LCD_Clear
    main.o(.text.main) refers to lcd.o(.text.LCD_SetTextColor) for LCD_SetTextColor
    main.o(.text.main) refers to lcd.o(.text.LCD_SetBackColor) for LCD_SetBackColor
    main.o(.text.main) refers to i2c.o(.text.MEM_Read) for MEM_Read
    main.o(.text.main) refers to i2c.o(.text.MEM_Write) for MEM_Write
    main.o(.text.main) refers to i2c.o(.text.MCP_Write) for MCP_Write
    main.o(.text.main) refers to usart.o(.text.UART_Receive) for UART_Receive
    main.o(.text.main) refers to main.o(.text.KEY_Proc) for KEY_Proc
    main.o(.text.main) refers to main.o(.text.LED_Proc) for LED_Proc
    main.o(.text.main) refers to main.o(.text.LCD_Proc) for LCD_Proc
    main.o(.text.main) refers to main.o(.text.UART_Proc) for UART_Proc
    main.o(.text.main) refers to main.o(.text.ADC_Proc) for ADC_Proc
    main.o(.text.main) refers to main.o(.bss..L_MergedGlobals.6) for [Anonymous Symbol]
    main.o(.text.main) refers to main.o(.data..L_MergedGlobals) for [Anonymous Symbol]
    main.o(.ARM.exidx.text.main) refers to main.o(.text.main) for [Anonymous Symbol]
    main.o(.text.KEY_Proc) refers to gpio.o(.text.KEY_Read) for KEY_Read
    main.o(.text.KEY_Proc) refers to i2c.o(.text.MCP_Write) for MCP_Write
    main.o(.text.KEY_Proc) refers to tim.o(.text.TIM1_SetCompare1) for TIM1_SetCompare1
    main.o(.text.KEY_Proc) refers to tim.o(.text.TIM3_SetCompare1) for TIM3_SetCompare1
    main.o(.text.KEY_Proc) refers to main.o(.bss..L_MergedGlobals.6) for [Anonymous Symbol]
    main.o(.text.KEY_Proc) refers to main.o(.data..L_MergedGlobals) for [Anonymous Symbol]
    main.o(.ARM.exidx.text.KEY_Proc) refers to main.o(.text.KEY_Proc) for [Anonymous Symbol]
    main.o(.text.LED_Proc) refers to gpio.o(.text.LED_Disp) for LED_Disp
    main.o(.text.LED_Proc) refers to main.o(.bss..L_MergedGlobals.6) for [Anonymous Symbol]
    main.o(.ARM.exidx.text.LED_Proc) refers to main.o(.text.LED_Proc) for [Anonymous Symbol]
    main.o(.text.LCD_Proc) refers to tim.o(.text.TIM2_GetCapture) for TIM2_GetCapture
    main.o(.text.LCD_Proc) refers to main.o(.bss..L_MergedGlobals.6) for [Anonymous Symbol]
    main.o(.text.LCD_Proc) refers to printf8.o(i.__0sprintf$8) for __2sprintf
    main.o(.text.LCD_Proc) refers to lcd.o(.text.LCD_DisplayStringLine) for LCD_DisplayStringLine
    main.o(.text.LCD_Proc) refers to main.o(.data..L_MergedGlobals) for [Anonymous Symbol]
    main.o(.ARM.exidx.text.LCD_Proc) refers to main.o(.text.LCD_Proc) for [Anonymous Symbol]
    main.o(.text.UART_Proc) refers to printf8.o(i.__0printf$8) for __2printf
    main.o(.text.UART_Proc) refers to usart.o(.text.UART_Receive) for UART_Receive
[...]
    OUTLINED_FUNCTION_4                      0x080030d5   Thumb Code    14  stm32g4xx_hal_pwr_ex.o(.text.OUTLINED_FUNCTION_4)
    [Anonymous Symbol]                       0x080030d4   Section        0  stm32g4xx_hal_pwr_ex.o(.text.OUTLINED_FUNCTION_4)
    OUTLINED_FUNCTION_4                      0x080030e3   Thumb Code    14  stm32g4xx_hal_tim.o(.text.OUTLINED_FUNCTION_4)
    [Anonymous Symbol]                       0x080030e2   Section        0  stm32g4xx_hal_tim.o(.text.OUTLINED_FUNCTION_4)
    OUTLINED_FUNCTION_4                      0x080030f1   Thumb Code    22  stm32g4xx_hal_uart.o(.text.OUTLINED_FUNCTION_4)
    [Anonymous Symbol]                       0x080030f0   Section        0  stm32g4xx_hal_uart.o(.text.OUTLINED_FUNCTION_4)
    OUTLINED_FUNCTION_4                      0x08003107   Thumb Code    10  stm32g4xx_hal_uart_ex.o(.text.OUTLINED_FUNCTION_4)
    [Anonymous Symbol]                       0x08003106   Section        0  stm32g4xx_hal_uart_ex.o(.text.OUTLINED_FUNCTION_4)
    OUTLINED_FUNCTION_40                     0x08003111   Thumb Code     6  stm32g4xx_hal_uart.o(.text.OUTLINED_FUNCTION_40)
    [Anonymous Symbol]                       0x08003110   Section        0  stm32g4xx_hal_uart.o(.text.OUTLINED_FUNCTION_40)
    OUTLINED_FUNCTION_41                     0x08003117   Thumb Code     6  stm32g4xx_hal_tim.o(.text.OUTLINED_FUNCTION_41)
    [Anonymous Symbol]                       0x08003116   Section        0  stm32g4xx_hal_tim.o(.text.OUTLINED_FUNCTION_41)
    OUTLINED_FUNCTION_41                     0x0800311d   Thumb Code     6  stm32g4xx_hal_uart.o(.text.OUTLINED_FUNCTION_41)
    [Anonymous Symbol]                       0x0800311c   Section        0  stm32g4xx_hal_uart.o(.text.OUTLINED_FUNCTION_41)
    OUTLINED_FUNCTION_42                     0x08003123   Thumb Code    16  stm32g4xx_hal_tim.o(.text.OUTLINED_FUNCTION_42)
    [Anonymous Symbol]                       0x08003122   Section        0  stm32g4xx_hal_tim.o(.text.OUTLINED_FUNCTION_42)
    OUTLINED_FUNCTION_43                     0x08003133   Thumb Code     8  stm32g4xx_hal_uart.o(.text.OUTLINED_FUNCTION_43)
    [Anonymous Symbol]                       0x08003132   Section        0  stm32g4xx_hal_uart.o(.text.OUTLINED_FUNCTION_43)
    OUTLINED_FUNCTION_44                     0x0800313b   Thumb Code     8  stm32g4xx_hal_uart.o(.text.OUTLINED_FUNCTION_44)
    [Anonymous Symbol]                       0x0800313a   Section        0  stm32g4xx_hal_uart.o(.text.OUTLINED_FUNCTION_44)
    OUTLINED_FUNCTION_45                     0x08003143   Thumb Code     8  stm32g4xx_hal_uart.o(.text.OUTLINED_FUNCTION_45)
    [Anonymous Symbol]                       0x08003142   Section        0  stm32g4xx_hal_uart.o(.text.OUTLINED_FUNCTION_45)
    OUTLINED_FUNCTION_48                     0x0800314b   Thumb Code     8  stm32g4xx_hal_tim.o(.text.OUTLINED_FUNCTION_48)
    [Anonymous Symbol]                       0x0800314a   Section        0  stm32g4xx_hal_tim.o(.text.OUTLINED_FUNCTION_48)
    OUTLINED_FUNCTION_5                      0x08003153   Thumb Code     6  stm32g4xx_hal_adc_ex.o(.text.OUTLINED_FUNCTION_5)
    [Anonymous Symbol]                       0x08003152   Section        0  stm32g4xx_hal_adc_ex.o(.text.OUTLINED_FUNCTION_5)
    OUTLINED_FUNCTION_5                      0x08003159   Thumb Code    10  stm32g4xx_hal_uart.o(.text.OUTLINED_FUNCTION_5)
    [Anonymous Symbol]                       0x08003158   Section        0  stm32g4xx_hal_uart.o(.text.OUTLINED_FUNCTION_5)
    OUTLINED_FUNCTION_50                     0x08003163   Thumb Code    12  stm32g4xx_hal_tim.o(.text.OUTLINED_FUNCTION_50)
    [Anonymous Symbol]                       0x08003162   Section        0  stm32g4xx_hal_tim.o(.text.OUTLINED_FUNCTION_50)
    OUTLINED_FUNCTION_51                     0x0800316f   Thumb Code     8  stm32g4xx_hal_tim.o(.text.OUTLINED_FUNCTION_51)
    [Anonymous Symbol]                       0x0800316e   Section        0  stm32g4xx_hal_tim.o(.text.OUTLINED_FUNCTION_51)
    OUTLINED_FUNCTION_52                     0x08003177   Thumb Code    10  stm32g4xx_hal_tim.o(.text.OUTLINED_FUNCTION_52)
    [Anonymous Symbol]                       0x08003176   Section        0  stm32g4xx_hal_tim.o(.text.OUTLINED_FUNCTION_52)
    OUTLINED_FUNCTION_53                     0x08003181   Thumb Code    10  stm32g4xx_hal_tim.o(.text.OUTLINED_FUNCTION_53)
    [Anonymous Symbol]                       0x08003180   Section        0  stm32g4xx_hal_tim.o(.text.OUTLINED_FUNCTION_53)
    OUTLINED_FUNCTION_54                     0x0800318b   Thumb Code     8  stm32g4xx_hal_tim.o(.text.OUTLINED_FUNCTION_54)
    [Anonymous Symbol]                       0x0800318a   Section        0  stm32g4xx_hal_tim.o(.text.OUTLINED_FUNCTION_54)
    OUTLINED_FUNCTION_55                     0x08003193   Thumb Code     8  stm32g4xx_hal_tim.o(.text.OUTLINED_FUNCTION_55)
    [Anonymous Symbol]                       0x08003192   Section        0  stm32g4xx_hal_tim.o(.text.OUTLINED_FUNCTION_55)
    OUTLINED_FUNCTION_56                     0x0800319b   Thumb Code     8  stm32g4xx_hal_tim.o(.text.OUTLINED_FUNCTION_56)
    [Anonymous Symbol]                       0x0800319a   Section        0  stm32g4xx_hal_tim.o(.text.OUTLINED_FUNCTION_56)
    OUTLINED_FUNCTION_57                     0x080031a3   Thumb Code     8  stm32g4xx_hal_tim.o(.text.OUTLINED_FUNCTION_57)
    [Anonymous Symbol]                       0x080031a2   Section        0  stm32g4xx_hal_tim.o(.text.OUTLINED_FUNCTION_57)
    OUTLINED_FUNCTION_6                      0x080031ab   Thumb Code    18  stm32g4xx_hal_adc.o(.text.OUTLINED_FUNCTION_6)
    [Anonymous Symbol]                       0x080031aa   Section        0  stm32g4xx_hal_adc.o(.text.OUTLINED_FUNCTION_6)
    OUTLINED_FUNCTION_6                      0x080031bd   Thumb Code    10  stm32g4xx_hal_uart.o(.text.OUTLINED_FUNCTION_6)
    [Anonymous Symbol]                       0x080031bc   Section        0  stm32g4xx_hal_uart.o(.text.OUTLINED_FUNCTION_6)
    OUTLINED_FUNCTION_61                     0x080031c7   Thumb Code     8  stm32g4xx_hal_tim.o(.text.OUTLINED_FUNCTION_61)
    [Anonymous Symbol]                       0x080031c6   Section        0  stm32g4xx_hal_tim.o(.text.OUTLINED_FUNCTION_61)
    OUTLINED_FUNCTION_67                     0x080031cf   Thumb Code    10  stm32g4xx_hal_tim.o(.text.OUTLINED_FUNCTION_67)
    [Anonymous Symbol]                       0x080031ce   Section        0  stm32g4xx_hal_tim.o(.text.OUTLINED_FUNCTION_67)
    OUTLINED_FUNCTION_68                     0x080031d9   Thumb Code     8  stm32g4xx_hal_tim.o(.text.OUTLINED_FUNCTION_68)
    [Anonymous Symbol]                       0x080031d8   Section        0  stm32g4xx_hal_tim.o(.text.OUTLINED_FUNCTION_68)
    OUTLINED_FUNCTION_69                     0x080031e1   Thumb Code    14  stm32g4xx_hal_tim.o(.text.OUTLINED_FUNCTION_69)
    [Anonymous Symbol]                       0x080031e0   Section        0  stm32g4xx_hal_tim.o(.text.OUTLINED_FUNCTION_69)
    OUTLINED_FUNCTION_72                     0x080031ef   Thumb Code    14  stm32g4xx_hal_tim.o(.text.OUTLINED_FUNCTION_72)
    [Anonymous Symbol]                       0x080031ee   Section        0  stm32g4xx_hal_tim.o(.text.OUTLINED_FUNCTION_72)
    OUTLINED_FUNCTION_73                     0x080031fd   Thumb Code    10  stm32g4xx_hal_tim.o(.text.OUTLINED_FUNCTION_73)
    [Anonymous Symbol]                       0x080031fc   Section        0  stm32g4xx_hal_tim.o(.text.OUTLINED_FUNCTION_73)
    OUTLINED_FUNCTION_8                      0x08003207   Thumb Code    12  stm32g4xx_hal_uart.o(.text.OUTLINED_FUNCTION_8)
    [Anonymous Symbol]                       0x08003206   Section        0  stm32g4xx_hal_uart.o(.text.OUTLINED_FUNCTION_8)
    OUTLINED_FUNCTION_9                      0x08003213   Thumb Code    12  stm32g4xx_hal_adc.o(.text.OUTLINED_FUNCTION_9)
    [Anonymous Symbol]                       0x08003212   Section        0  stm32g4xx_hal_adc.o(.text.OUTLINED_FUNCTION_9)
    [Anonymous Symbol]                       0x0800321e   Section        0  stm32g4xx_it.o(.text.PendSV_Handler)
    [Anonymous Symbol]                       0x08003220   Section        0  lcd.o(.text.REG_8230_Init)
    [Anonymous Symbol]                       0x080032f4   Section        0  lcd.o(.text.REG_932X_Init)
    __arm_cp.3_0                             0x08003484   Number         4  lcd.o(.text.REG_932X_Init)
    __arm_cp.3_1                             0x08003488   Number         4  lcd.o(.text.REG_932X_Init)
    [Anonymous Symbol]                       0x0800348c   Section        0  gpio.o(.text.SCL_Output)
    [Anonymous Symbol]                       0x0800349c   Section        0  gpio.o(.text.SDA_Input)
    [Anonymous Symbol]                       0x080034a4   Section        0  gpio.o(.text.SDA_Input_Mode)
    [Anonymous Symbol]                       0x080034c0   Section        0  gpio.o(.text.SDA_Output)
    [Anonymous Symbol]                       0x080034d0   Section        0  gpio.o(.text.SDA_Output_Mode)
    __arm_cp.4_0                             0x080034f0   Number         4  gpio.o(.text.SDA_Output_Mode)
    [Anonymous Symbol]                       0x080034f4   Section        0  stm32g4xx_it.o(.text.SVC_Handler)
    [Anonymous Symbol]                       0x080034f8   Section        0  stm32g4xx_it.o(.text.SysTick_Handler)
    __arm_cp.8_0                             0x0800352c   Number         4  stm32g4xx_it.o(.text.SysTick_Handler)
    __arm_cp.8_1                             0x08003530   Number         4  stm32g4xx_it.o(.text.SysTick_Handler)
    __arm_cp.8_2                             0x08003534   Number         4  stm32g4xx_it.o(.text.SysTick_Handler)
    __arm_cp.8_3                             0x08003538   Number         4  stm32g4xx_it.o(.text.SysTick_Handler)
    [Anonymous Symbol]                       0x0800353c   Section        0  sys.o(.text.SystemClock_Config)
    [Anonymous Symbol]                       0x080035a4   Section        0  system_stm32g4xx.o(.text.SystemInit)
    __arm_cp.0_0                             0x080035b0   Number         4  system_stm32g4xx.o(.text.SystemInit)
    [Anonymous Symbol]                       0x080035b4   Section        0  tim.o(.text.TIM1_SetCompare1)
    __arm_cp.10_0                            0x080035bc   Number         4  tim.o(.text.TIM1_SetCompare1)
    [Anonymous Symbol]                       0x080035c0   Section        0  tim.o(.text.TIM2_GetCapture)
    __arm_cp.12_0                            0x080035e0   Number         4  tim.o(.text.TIM2_GetCapture)
    [Anonymous Symbol]                       0x080035e4   Section        0  tim.o(.text.TIM3_SetCompare1)
    __arm_cp.11_0                            0x080035ec   Number         4  tim.o(.text.TIM3_SetCompare1)
    [Anonymous Symbol]                       0x080035f0   Section        0  stm32g4xx_hal_tim.o(.text.TIM_Base_SetConfig)
    __arm_cp.2_1                             0x0800369c   Number         4  stm32g4xx_hal_tim.o(.text.TIM_Base_SetConfig)
    __arm_cp.2_2                             0x080036a0   Number         4  stm32g4xx_hal_tim.o(.text.TIM_Base_SetConfig)
    __arm_cp.2_3                             0x080036a4   Number         4  stm32g4xx_hal_tim.o(.text.TIM_Base_SetConfig)
    __arm_cp.2_4                             0x080036a8   Number         4  stm32g4xx_hal_tim.o(.text.TIM_Base_SetConfig)
    __arm_cp.2_5                             0x080036ac   Number         4  stm32g4xx_hal_tim.o(.text.TIM_Base_SetConfig)
    __arm_cp.2_6                             0x080036b0   Number         4  stm32g4xx_hal_tim.o(.text.TIM_Base_SetConfig)
    [Anonymous Symbol]                       0x080036b4   Section        0  stm32g4xx_hal_tim.o(.text.TIM_CCxChannelCmd)
    TIM_OC1_SetConfig                        0x080036d5   Thumb Code   128  stm32g4xx_hal_tim.o(.text.TIM_OC1_SetConfig)
    [Anonymous Symbol]                       0x080036d4   Section        0  stm32g4xx_hal_tim.o(.text.TIM_OC1_SetConfig)
    [Anonymous Symbol]                       0x08003754   Section        0  stm32g4xx_hal_tim.o(.text.TIM_OC2_SetConfig)
    TIM_OC3_SetConfig                        0x080037c5   Thumb Code   116  stm32g4xx_hal_tim.o(.text.TIM_OC3_SetConfig)
    [Anonymous Symbol]                       0x080037c4   Section        0  stm32g4xx_hal_tim.o(.text.TIM_OC3_SetConfig)
    __arm_cp.76_2                            0x08003838   Number         4  stm32g4xx_hal_tim.o(.text.TIM_OC3_SetConfig)
    TIM_OC4_SetConfig                        0x0800383d   Thumb Code   116  stm32g4xx_hal_tim.o(.text.TIM_OC4_SetConfig)
    [Anonymous Symbol]                       0x0800383c   Section        0  stm32g4xx_hal_tim.o(.text.TIM_OC4_SetConfig)
    __arm_cp.77_0                            0x080038b0   Number         4  stm32g4xx_hal_tim.o(.text.TIM_OC4_SetConfig)
    __arm_cp.77_1                            0x080038b4   Number         4  stm32g4xx_hal_tim.o(.text.TIM_OC4_SetConfig)
    __arm_cp.77_2                            0x080038b8   Number         4  stm32g4xx_hal_tim.o(.text.TIM_OC4_SetConfig)
    TIM_OC5_SetConfig                        0x080038bd   Thumb Code    80  stm32g4xx_hal_tim.o(.text.TIM_OC5_SetConfig)
    [Anonymous Symbol]                       0x080038bc   Section        0  stm32g4xx_hal_tim.o(.text.TIM_OC5_SetConfig)
    __arm_cp.78_1                            0x0800390c   Number         4  stm32g4xx_hal_tim.o(.text.TIM_OC5_SetConfig)
    TIM_OC6_SetConfig                        0x08003911   Thumb Code    84  stm32g4xx_hal_tim.o(.text.TIM_OC6_SetConfig)
    [Anonymous Symbol]                       0x08003910   Section        0  stm32g4xx_hal_tim.o(.text.TIM_OC6_SetConfig)
    __arm_cp.79_0                            0x08003964   Number         4  stm32g4xx_hal_tim.o(.text.TIM_OC6_SetConfig)
    __arm_cp.79_1                            0x08003968   Number         4  stm32g4xx_hal_tim.o(.text.TIM_OC6_SetConfig)
    TIM_SlaveTimer_SetConfig                 0x0800396d   Thumb Code   188  stm32g4xx_hal_tim.o(.text.TIM_SlaveTimer_SetConfig)
    [Anonymous Symbol]                       0x0800396c   Section        0  stm32g4xx_hal_tim.o(.text.TIM_SlaveTimer_SetConfig)
    __arm_cp.101_0                           0x08003a28   Number         4  stm32g4xx_hal_tim.o(.text.TIM_SlaveTimer_SetConfig)
    __arm_cp.101_1                           0x08003a2c   Number         4  stm32g4xx_hal_tim.o(.text.TIM_SlaveTimer_SetConfig)
    __arm_cp.101_2                           0x08003a30   Number         4  stm32g4xx_hal_tim.o(.text.TIM_SlaveTimer_SetConfig)
    __arm_cp.101_3                           0x08003a34   Number         4  stm32g4xx_hal_tim.o(.text.TIM_SlaveTimer_SetConfig)
    __arm_cp.101_4                           0x08003a38   Number         4  stm32g4xx_hal_tim.o(.text.TIM_SlaveTimer_SetConfig)
    __arm_cp.101_5                           0x08003a3c   Number         4  stm32g4xx_hal_tim.o(.text.TIM_SlaveTimer_SetConfig)
    TIM_TI1_ConfigInputStage                 0x08003a41   Thumb Code    34  stm32g4xx_hal_tim.o(.text.TIM_TI1_ConfigInputStage)
    [Anonymous Symbol]                       0x08003a40   Section        0  stm32g4xx_hal_tim.o(.text.TIM_TI1_ConfigInputStage)
    [Anonymous Symbol]                       0x08003a64   Section        0  stm32g4xx_hal_tim.o(.text.TIM_TI1_SetConfig)
    __arm_cp.81_0                            0x08003ab8   Number         4  stm32g4xx_hal_tim.o(.text.TIM_TI1_SetConfig)
    __arm_cp.81_1                            0x08003abc   Number         4  stm32g4xx_hal_tim.o(.text.TIM_TI1_SetConfig)
    __arm_cp.81_2                            0x08003ac0   Number         4  stm32g4xx_hal_tim.o(.text.TIM_TI1_SetConfig)
    __arm_cp.81_3                            0x08003ac4   Number         4  stm32g4xx_hal_tim.o(.text.TIM_TI1_SetConfig)
    __arm_cp.81_4                            0x08003ac8   Number         4  stm32g4xx_hal_tim.o(.text.TIM_TI1_SetConfig)
    TIM_TI2_ConfigInputStage                 0x08003acd   Thumb Code    36  stm32g4xx_hal_tim.o(.text.TIM_TI2_ConfigInputStage)
    [Anonymous Symbol]                       0x08003acc   Section        0  stm32g4xx_hal_tim.o(.text.TIM_TI2_ConfigInputStage)
    TIM_TI2_SetConfig                        0x08003af1   Thumb Code    50  stm32g4xx_hal_tim.o(.text.TIM_TI2_SetConfig)
    [Anonymous Symbol]                       0x08003af0   Section        0  stm32g4xx_hal_tim.o(.text.TIM_TI2_SetConfig)
    UARTEx_SetNbDataToProcess                0x08003b25   Thumb Code    64  stm32g4xx_hal_uart_ex.o(.text.UARTEx_SetNbDataToProcess)
    [Anonymous Symbol]                       0x08003b24   Section        0  stm32g4xx_hal_uart_ex.o(.text.UARTEx_SetNbDataToProcess)
    __arm_cp.9_0                             0x08003b64   Number         4  stm32g4xx_hal_uart_ex.o(.text.UARTEx_SetNbDataToProcess)
    __arm_cp.9_1                             0x08003b68   Number         4  stm32g4xx_hal_uart_ex.o(.text.UARTEx_SetNbDataToProcess)
    [Anonymous Symbol]                       0x08003b6c   Section        0  stm32g4xx_hal_uart.o(.text.UART_AdvFeatureConfig)
    [Anonymous Symbol]                       0x08003c14   Section        0  stm32g4xx_hal_uart.o(.text.UART_CheckIdleState)
    UART_EndRxTransfer                       0x08003ca9   Thumb Code    56  stm32g4xx_hal_uart.o(.text.UART_EndRxTransfer)
    [Anonymous Symbol]                       0x08003ca8   Section        0  stm32g4xx_hal_uart.o(.text.UART_EndRxTransfer)
    __arm_cp.30_0                            0x08003ce0   Number         4  stm32g4xx_hal_uart.o(.text.UART_EndRxTransfer)
    [Anonymous Symbol]                       0x08003ce4   Section        0  main.o(.text.UART_Proc)
    __arm_cp.4_0                             0x08003d1c   Number         4  main.o(.text.UART_Proc)
    [Anonymous Symbol]                       0x08003d2c   Section        0  usart.o(.text.UART_Receive)
    [Anonymous Symbol]                       0x08003d38   Section        0  stm32g4xx_hal_uart.o(.text.UART_SetConfig)
    __arm_cp.3_0                             0x08003f0c   Number         4  stm32g4xx_hal_uart.o(.text.UART_SetConfig)
    __arm_cp.3_1                             0x08003f10   Number         4  stm32g4xx_hal_uart.o(.text.UART_SetConfig)
    __arm_cp.3_2                             0x08003f14   Number         4  stm32g4xx_hal_uart.o(.text.UART_SetConfig)
    __arm_cp.3_3                             0x08003f18   Number         4  stm32g4xx_hal_uart.o(.text.UART_SetConfig)
    __arm_cp.3_4                             0x08003f1c   Number         4  stm32g4xx_hal_uart.o(.text.UART_SetConfig)
    __arm_cp.3_5                             0x08003f20   Number         4  stm32g4xx_hal_uart.o(.text.UART_SetConfig)
    __arm_cp.3_6                             0x08003f24   Number         4  stm32g4xx_hal_uart.o(.text.UART_SetConfig)
    __arm_cp.3_7                             0x08003f28   Number         4  stm32g4xx_hal_uart.o(.text.UART_SetConfig)
    __arm_cp.3_8                             0x08003f2c   Number         4  stm32g4xx_hal_uart.o(.text.UART_SetConfig)
    __arm_cp.3_10                            0x08003f40   Number         4  stm32g4xx_hal_uart.o(.text.UART_SetConfig)
    __arm_cp.3_11                            0x08003f44   Number         4  stm32g4xx_hal_uart.o(.text.UART_SetConfig)
    __arm_cp.3_12                            0x08003f48   Number         4  stm32g4xx_hal_uart.o(.text.UART_SetConfig)
    [Anonymous Symbol]                       0x08003f4c   Section        0  usart.o(.text.UART_Transmit)
    __arm_cp.3_0                             0x08003f58   Number         4  usart.o(.text.UART_Transmit)
    [Anonymous Symbol]                       0x08003f5c   Section        0  stm32g4xx_hal_uart.o(.text.UART_WaitOnFlagUntilTimeout)
    [Anonymous Symbol]                       0x08003fe4   Section        0  stm32g4xx_it.o(.text.UsageFault_Handler)
    [Anonymous Symbol]                       0x08003fe6   Section        0  main.o(.text.fputc)
    [Anonymous Symbol]                       0x08003ff8   Section        0  main.o(.text.main)
    __arm_cp.0_0                             0x0800407c   Number         4  main.o(.text.main)
    __arm_cp.0_1                             0x08004080   Number         4  main.o(.text.main)
    i.__0printf$8                            0x08004084   Section        0  printf8.o(i.__0printf$8)
    i.__0sprintf$8                           0x080040a4   Section        0  printf8.o(i.__0sprintf$8)
    i.__scatterload_copy                     0x080040cc   Section       14  handlers.o(i.__scatterload_copy)
    i.__scatterload_null                     0x080040da   Section        2  handlers.o(i.__scatterload_null)
    i.__scatterload_zeroinit                 0x080040dc   Section       14  handlers.o(i.__scatterload_zeroinit)
    _printf_core                             0x080040ed   Thumb Code   996  printf8.o(i._printf_core)
    i._printf_core                           0x080040ec   Section        0  printf8.o(i._printf_core)
    _printf_post_padding                     0x080044fd   Thumb Code    36  printf8.o(i._printf_post_padding)
    i._printf_post_padding                   0x080044fc   Section        0  printf8.o(i._printf_post_padding)
    _printf_pre_padding                      0x08004521   Thumb Code    46  printf8.o(i._printf_pre_padding)
    i._printf_pre_padding                    0x08004520   Section        0  printf8.o(i._printf_pre_padding)
    _sputc                                   0x0800454f   Thumb Code    10  printf8.o(i._sputc)
    i._sputc                                 0x0800454e   Section        0  printf8.o(i._sputc)
    [Anonymous Symbol]                       0x08005758   Section        0  stm32g4xx_hal_uart.o(.rodata.cst16)
    UARTEx_SetNbDataToProcess.numerator      0x08005768   Data           8  stm32g4xx_hal_uart_ex.o(.rodata.cst8)
    [Anonymous Symbol]                       0x08005768   Section        0  stm32g4xx_hal_uart_ex.o(.rodata.cst8)
    UARTEx_SetNbDataToProcess.denominator    0x08005770   Data           8  stm32g4xx_hal_uart_ex.o(.rodata.cst8)
    .data                                    0x20000000   Section        4  stdout.o(.data)
    [Anonymous Symbol]                       0x20000004   Section        0  main.o(.data..L_MergedGlobals)
    [Anonymous Symbol]                       0x20000008   Section        0  stm32g4xx_hal.o(.data..L_MergedGlobals)
    BackColor                                0x20000010   Data           2  lcd.o(.data.BackColor)
    [Anonymous Symbol]                       0x20000010   Section        0  lcd.o(.data.BackColor)
    [Anonymous Symbol]                       0x20000018   Section        0  main.o(.bss..L_MergedGlobals.6)
    HAL_RCC_ADC12_CLK_ENABLED                0x20000058   Data           4  adc.o(.bss.HAL_RCC_ADC12_CLK_ENABLED)
    [Anonymous Symbol]                       0x20000058   Section        0  adc.o(.bss.HAL_RCC_ADC12_CLK_ENABLED)
    SysTick_Handler.usTms                    0x2000005c   Data           2  stm32g4xx_it.o(.bss.SysTick_Handler.usTms)
    [Anonymous Symbol]                       0x2000005c   Section        0  stm32g4xx_it.o(.bss.SysTick_Handler.usTms)
    TextColor                                0x2000005e   Data           2  lcd.o(.bss.TextColor)
    [Anonymous Symbol]                       0x2000005e   Section        0  lcd.o(.bss.TextColor)
    STACK                                    0x200002b8   Section     1024  startup_stm32g431xx.o(STACK)

    Global Symbols

    Symbol Name                              Value     Ov Type        Size  Object(Section)

    BuildAttributes$$THM_ISAv4$E$P$D$K$B$S$7EM$VFPi3$EXTD16$VFPS$VFMA$PE$A:L22UL41UL21$X:L11$S22US41US21$IEEE1$IW$~IW$USESV6$~STKCKD$USESV7$~SHL$OSPACE$ROPI$EBA8$MICROLIB$REQ8$PRES8$EABIv2 0x00000000   Number         0  anon$$obj.o ABSOLUTE
    _printf_a                                0x00000000   Number         0  printfstubs.o ABSOLUTE
    _printf_c                                0x00000000   Number         0  printfstubs.o ABSOLUTE
    _printf_charcount                        0x00000000   Number         0  printfstubs.o ABSOLUTE
    _printf_d                                0x00000000   Number         0  printfstubs.o ABSOLUTE
    _printf_e                                0x00000000   Number         0  printfstubs.o ABSOLUTE
    _printf_f                                0x00000000   Number         0  printfstubs.o ABSOLUTE
    _printf_flags                            0x00000000   Number         0  printfstubs.o ABSOLUTE
    _printf_fp_dec                           0x00000000   Number         0  printfstubs.o ABSOLUTE
    _printf_fp_hex                           0x00000000   Number         0  printfstubs.o ABSOLUTE
    _printf_g                                0x00000000   Number         0  printfstubs.o ABSOLUTE
    _printf_i                                0x00000000   Number         0  printfstubs.o ABSOLUTE
    _printf_int_dec                          0x00000000   Number         0  printfstubs.o ABSOLUTE
    _printf_l                                0x00000000   Number         0  printfstubs.o ABSOLUTE
    _printf_lc                               0x00000000   Number         0  printfstubs.o ABSOLUTE
    _printf_ll                               0x00000000   Number         0  printfstubs.o ABSOLUTE
    _printf_lld                              0x00000000   Number         0  printfstubs.o ABSOLUTE
    _printf_lli                              0x00000000   Number         0  printfstubs.o ABSOLUTE
    _printf_llo                              0x00000000   Number         0  printfstubs.o ABSOLUTE
    _printf_llu                              0x00000000   Number         0  printfstubs.o ABSOLUTE
    _printf_llx                              0x00000000   Number         0  printfstubs.o ABSOLUTE
    _printf_longlong_dec                     0x00000000   Number         0  printfstubs.o ABSOLUTE
    _printf_longlong_hex                     0x00000000   Number         0  printfstubs.o ABSOLUTE
    _printf_longlong_oct                     0x00000000   Number         0  printfstubs.o ABSOLUTE
    _printf_ls                               0x00000000   Number         0  printfstubs.o ABSOLUTE
    _printf_mbtowc                           0x00000000   Number         0  printfstubs.o ABSOLUTE
    _printf_n                                0x00000000   Number         0  printfstubs.o ABSOLUTE
    _printf_o                                0x00000000   Number         0  printfstubs.o ABSOLUTE
    _printf_p                                0x00000000   Number         0  printfstubs.o ABSOLUTE
    _printf_percent                          0x00000000   Number         0  printfstubs.o ABSOLUTE
    _printf_pre_padding                      0x00000000   Number         0  printfstubs.o ABSOLUTE
    _printf_return_value                     0x00000000   Number         0  printfstubs.o ABSOLUTE
    _printf_s                                0x00000000   Number         0  printfstubs.o ABSOLUTE
    _printf_sizespec                         0x00000000   Number         0  printfstubs.o ABSOLUTE
    _printf_str                              0x00000000   Number         0  printfstubs.o ABSOLUTE
    _printf_truncate_signed                  0x00000000   Number         0  printfstubs.o ABSOLUTE
    _printf_truncate_unsigned                0x00000000   Number         0  printfstubs.o ABSOLUTE
    _printf_u                                0x00000000   Number         0  printfstubs.o ABSOLUTE
    _printf_wc                               0x00000000   Number         0  printfstubs.o ABSOLUTE
    _printf_wctomb                           0x00000000   Number         0  printfstubs.o ABSOLUTE
    _printf_widthprec                        0x00000000   Number         0  printfstubs.o ABSOLUTE
    _printf_x                                0x00000000   Number         0  printfstubs.o ABSOLUTE
    __cpp_initialize__aeabi_                  - Undefined Weak Reference
    __cxa_finalize                            - Undefined Weak Reference
    __decompress                              - Undefined Weak Reference
    _clock_init                               - Undefined Weak Reference
    _microlib_exit                            - Undefined Weak Reference
    __Vectors_Size                           0x000001d8   Number         0  startup_stm32g431xx.o ABSOLUTE
    __Vectors                                0x08000000   Data           4  startup_stm32g431xx.o(RESET)
    __Vectors_End                            0x080001d8   Data           0  startup_stm32g431xx.o(RESET)
    __main                                   0x080001d9   Thumb Code     0  entry.o(.ARM.Collect$$$$00000000)
    _main_stk                                0x080001d9   Thumb Code     0  entry2.o(.ARM.Collect$$$$00000001)
    _main_scatterload                        0x080001dd   Thumb Code     0  entry5.o(.ARM.Collect$$$$00000004)
    __main_after_scatterload                 0x080001e1   Thumb Code     0  entry5.o(.ARM.Collect$$$$00000004)
    _main_clock                              0x080001e1   Thumb Code     0  entry7b.o(.ARM.Collect$$$$00000008)
    _main_cpp_init                           0x080001e1   Thumb Code     0  entry8b.o(.ARM.Collect$$$$0000000A)
    _main_init                               0x080001e1   Thumb Code     0  entry9a.o(.ARM.Collect$$$$0000000B)
    __rt_final_cpp                           0x080001e9   Thumb Code     0  entry10a.o(.ARM.Collect$$$$0000000D)
    __rt_final_exit                          0x080001e9   Thumb Code     0  entry11a.o(.ARM.Collect$$$$0000000F)
    Reset_Handler                            0x080001ed   Thumb Code     8  startup_stm32g431xx.o(.text)
    ADC1_2_IRQHandler                        0x08000207   Thumb Code     0  startup_stm32g431xx.o(.text)
    COMP1_2_3_IRQHandler                     0x08000207   Thumb Code     0  startup_stm32g431xx.o(.text)
    COMP4_IRQHandler                         0x08000207   Thumb Code     0  startup_stm32g431xx.o(.text)
    CORDIC_IRQHandler                        0x08000207   Thumb Code     0  startup_stm32g431xx.o(.text)
    CRS_IRQHandler                           0x08000207   Thumb Code     0  startup_stm32g431xx.o(.text)
    DMA1_Channel1_IRQHandler                 0x08000207   Thumb Code     0  startup_stm32g431xx.o(.text)
    DMA1_Channel2_IRQHandler                 0x08000207   Thumb Code     0  startup_stm32g431xx.o(.text)
    DMA1_Channel3_IRQHandler                 0x08000207   Thumb Code     0  startup_stm32g431xx.o(.text)
    DMA1_Channel4_IRQHandler                 0x08000207   Thumb Code     0  startup_stm32g431xx.o(.text)
    DMA1_Channel5_IRQHandler                 0x08000207   Thumb Code     0  startup_stm32g431xx.o(.text)
    DMA1_Channel6_IRQHandler                 0x08000207   Thumb Code     0  startup_stm32g431xx.o(.text)
    DMA2_Channel1_IRQHandler                 0x08000207   Thumb Code     0  startup_stm32g431xx.o(.text)
    DMA2_Channel2_IRQHandler                 0x08000207   Thumb Code     0  startup_stm32g431xx.o(.text)
    DMA2_Channel3_IRQHandler                 0x08000207   Thumb Code     0  startup_stm32g431xx.o(.text)
    DMA2_Channel4_IRQHandler                 0x08000207   Thumb Code     0  startup_stm32g431xx.o(.text)
    DMA2_Channel5_IRQHandler                 0x08000207   Thumb Code     0  startup_stm32g431xx.o(.text)
    DMA2_Channel6_IRQHandler                 0x08000207   Thumb Code     0  startup_stm32g431xx.o(.text)
    DMAMUX_OVR_IRQHandler                    0x08000207   Thumb Code     0  startup_stm32g431xx.o(.text)
    EXTI0_IRQHandler                         0x08000207   Thumb Code     0  startup_stm32g431xx.o(.text)
    EXTI15_10_IRQHandler                     0x08000207   Thumb Code     0  startup_stm32g431xx.o(.text)
    EXTI1_IRQHandler                         0x08000207   Thumb Code     0  startup_stm32g431xx.o(.text)
    EXTI2_IRQHandler                         0x08000207   Thumb Code     0  startup_stm32g431xx.o(.text)
    EXTI3_IRQHandler                         0x08000207   Thumb Code     0  startup_stm32g431xx.o(.text)
    EXTI4_IRQHandler                         0x08000207   Thumb Code     0  startup_stm32g431xx.o(.text)
    EXTI9_5_IRQHandler                       0x08000207   Thumb Code     0  startup_stm32g431xx.o(.text)
    FDCAN1_IT0_IRQHandler                    0x08000207   Thumb Code     0  startup_stm32g431xx.o(.text)
    FDCAN1_IT1_IRQHandler                    0x08000207   Thumb Code     0  startup_stm32g431xx.o(.text)
    FLASH_IRQHandler                         0x08000207   Thumb Code     0  startup_stm32g431xx.o(.text)
    FMAC_IRQHandler                          0x08000207   Thumb Code     0  startup_stm32g431xx.o(.text)
    FPU_IRQHandler                           0x08000207   Thumb Code     0  startup_stm32g431xx.o(.text)
    I2C1_ER_IRQHandler                       0x08000207   Thumb Code     0  startup_stm32g431xx.o(.text)
    I2C1_EV_IRQHandler                       0x08000207   Thumb Code     0  startup_stm32g431xx.o(.text)
    I2C2_ER_IRQHandler                       0x08000207   Thumb Code     0  startup_stm32g431xx.o(.text)
    I2C2_EV_IRQHandler                       0x08000207   Thumb Code     0  startup_stm32g431xx.o(.text)
    I2C3_ER_IRQHandler                       0x08000207   Thumb Code     0  startup_stm32g431xx.o(.text)
    I2C3_EV_IRQHandler                       0x08000207   Thumb Code     0  startup_stm32g431xx.o(.text)
    LPTIM1_IRQHandler                        0x08000207   Thumb Code     0  startup_stm32g431xx.o(.text)
    LPUART1_IRQHandler                       0x08000207   Thumb Code     0  startup_stm32g431xx.o(.text)
    PVD_PVM_IRQHandler                       0x08000207   Thumb Code     0  startup_stm32g431xx.o(.text)
    RCC_IRQHandler                           0x08000207   Thumb Code     0  startup_stm32g431xx.o(.text)
    RNG_IRQHandler                           0x08000207   Thumb Code     0  startup_stm32g431xx.o(.text)
    RTC_Alarm_IRQHandler                     0x08000207   Thumb Code     0  startup_stm32g431xx.o(.text)
    RTC_TAMP_LSECSS_IRQHandler               0x08000207   Thumb Code     0  startup_stm32g431xx.o(.text)
    RTC_WKUP_IRQHandler                      0x08000207   Thumb Code     0  startup_stm32g431xx.o(.text)
    SAI1_IRQHandler                          0x08000207   Thumb Code     0  startup_stm32g431xx.o(.text)
    SPI1_IRQHandler                          0x08000207   Thumb Code     0  startup_stm32g431xx.o(.text)
    SPI2_IRQHandler                          0x08000207   Thumb Code     0  startup_stm32g431xx.o(.text)
    SPI3_IRQHandler                          0x08000207   Thumb Code     0  startup_stm32g431xx.o(.text)
    TIM1_BRK_TIM15_IRQHandler                0x08000207   Thumb Code     0  startup_stm32g431xx.o(.text)
    TIM1_CC_IRQHandler                       0x08000207   Thumb Code     0  startup_stm32g431xx.o(.text)
    TIM1_TRG_COM_TIM17_IRQHandler            0x08000207   Thumb Code     0  startup_stm32g431xx.o(.text)
    TIM1_UP_TIM16_IRQHandler                 0x08000207   Thumb Code     0  startup_stm32g431xx.o(.text)
    TIM2_IRQHandler                          0x08000207   Thumb Code     0  startup_stm32g431xx.o(.text)
    TIM3_IRQHandler                          0x08000207   Thumb Code     0  startup_stm32g431xx.o(.text)
    TIM4_IRQHandler                          0x08000207   Thumb Code     0  startup_stm32g431xx.o(.text)
    TIM6_DAC_IRQHandler                      0x08000207   Thumb Code     0  startup_stm32g431xx.o(.text)
    TIM7_IRQHandler                          0x08000207   Thumb Code     0  startup_stm32g431xx.o(.text)
    TIM8_BRK_IRQHandler                      0x08000207   Thumb Code     0  startup_stm32g431xx.o(.text)
    TIM8_CC_IRQHandler                       0x08000207   Thumb Code     0  startup_stm32g431xx.o(.text)
    TIM8_TRG_COM_IRQHandler                  0x08000207   Thumb Code     0  startup_stm32g431xx.o(.text)
    TIM8_UP_IRQHandler                       0x08000207   Thumb Code     0  startup_stm32g431xx.o(.text)
    UART4_IRQHandler                         0x08000207   Thumb Code     0  startup_stm32g431xx.o(.text)
    UCPD1_IRQHandler                         0x08000207   Thumb Code     0  startup_stm32g431xx.o(.text)
    USART1_IRQHandler                        0x08000207   Thumb Code     0  startup_stm32g431xx.o(.text)
    USART2_IRQHandler                        0x08000207   Thumb Code     0  startup_stm32g431xx.o(.text)
    USART3_IRQHandler                        0x08000207   Thumb Code     0  startup_stm32g431xx.o(.text)
    USBWakeUp_IRQHandler                     0x08000207   Thumb Code     0  startup_stm32g431xx.o(.text)
    USB_HP_IRQHandler                        0x08000207   Thumb Code     0  startup_stm32g431xx.o(.text)
    USB_LP_IRQHandler                        0x08000207   Thumb Code     0  startup_stm32g431xx.o(.text)
    WWDG_IRQHandler                          0x08000207   Thumb Code     0  startup_stm32g431xx.o(.text)
    __aeabi_uldivmod                         0x08000211   Thumb Code    98  uldiv.o(.text)
    __aeabi_memset                           0x08000273   Thumb Code    14  memseta.o(.text)
    __aeabi_memset4                          0x08000273   Thumb Code     0  memseta.o(.text)
    __aeabi_memset8                          0x08000273   Thumb Code     0  memseta.o(.text)
    __aeabi_memclr                           0x08000281   Thumb Code     4  memseta.o(.text)
    __aeabi_memclr4                          0x08000281   Thumb Code     0  memseta.o(.text)
    __aeabi_memclr8                          0x08000281   Thumb Code     0  memseta.o(.text)
    _memset$wrapper                          0x08000285   Thumb Code    18  memseta.o(.text)
    __aeabi_llsl                             0x08000297   Thumb Code    30  llshl.o(.text)
    _ll_shift_l                              0x08000297   Thumb Code     0  llshl.o(.text)
    __aeabi_llsr                             0x080002b5   Thumb Code    32  llushr.o(.text)
    _ll_ushift_r                             0x080002b5   Thumb Code     0  llushr.o(.text)
    __scatterload                            0x080002d5   Thumb Code    38  init.o(.text)
    __scatterload_rt2                        0x080002d5   Thumb Code     0  init.o(.text)
    ADC1_Read                                0x08000305   Thumb Code    52  adc.o(.text.ADC1_Read)
    ADC2_Read                                0x0800033d   Thumb Code    36  adc.o(.text.ADC2_Read)
    ADC_Disable                              0x08000365   Thumb Code    92  stm32g4xx_hal_adc.o(.text.ADC_Disable)
    ADC_Enable                               0x080003c1   Thumb Code   128  stm32g4xx_hal_adc.o(.text.ADC_Enable)
    ADC_Proc                                 0x08000451   Thumb Code    32  main.o(.text.ADC_Proc)
    BusFault_Handler                         0x08000475   Thumb Code     2  stm32g4xx_it.o(.text.BusFault_Handler)
    DebugMon_Handler                         0x08000477   Thumb Code     2  stm32g4xx_it.o(.text.DebugMon_Handler)
    Error_Handler                            0x08000479   Thumb Code     8  main.o(.text.Error_Handler)
    HAL_ADCEx_Calibration_Start              0x08000481   Thumb Code   128  stm32g4xx_hal_adc_ex.o(.text.HAL_ADCEx_Calibration_Start)
    HAL_ADCEx_MultiModeConfigChannel         0x08000509   Thumb Code   160  stm32g4xx_hal_adc_ex.o(.text.HAL_ADCEx_MultiModeConfigChannel)
    HAL_ADC_ConfigChannel                    0x080005ad   Thumb Code   728  stm32g4xx_hal_adc.o(.text.HAL_ADC_ConfigChannel)
    HAL_ADC_GetValue                         0x080008ad   Thumb Code     6  stm32g4xx_hal_adc.o(.text.HAL_ADC_GetValue)
    HAL_ADC_Init                             0x080008b5   Thumb Code   404  stm32g4xx_hal_adc.o(.text.HAL_ADC_Init)
    HAL_ADC_MspInit                          0x08000a61   Thumb Code   140  adc.o(.text.HAL_ADC_MspInit)
    HAL_ADC_PollForConversion                0x08000af9   Thumb Code   296  stm32g4xx_hal_adc.o(.text.HAL_ADC_PollForConversion)
    HAL_ADC_Start                            0x08000c25   Thumb Code   168  stm32g4xx_hal_adc.o(.text.HAL_ADC_Start)
    HAL_Delay                                0x08000cd5   Thumb Code    32  stm32g4xx_hal.o(.text.HAL_Delay)
    HAL_GPIO_Init                            0x08000cf5   Thumb Code   408  stm32g4xx_hal_gpio.o(.text.HAL_GPIO_Init)
    HAL_GPIO_ReadPin                         0x08000ea1   Thumb Code    10  stm32g4xx_hal_gpio.o(.text.HAL_GPIO_ReadPin)
    HAL_GPIO_WritePin                        0x08000eab   Thumb Code    12  stm32g4xx_hal_gpio.o(.text.HAL_GPIO_WritePin)
    HAL_GetTick                              0x08000eb9   Thumb Code     8  stm32g4xx_hal.o(.text.HAL_GetTick)
    HAL_IncTick                              0x08000ec1   Thumb Code    16  stm32g4xx_hal.o(.text.HAL_IncTick)
    HAL_Init                                 0x08000ed5   Thumb Code    28  stm32g4xx_hal.o(.text.HAL_Init)
    HAL_InitTick                             0x08000ef1   Thumb Code    64  stm32g4xx_hal.o(.text.HAL_InitTick)
    HAL_MspInit                              0x08000f35   Thumb Code    48  stm32g4xx_hal_msp.o(.text.HAL_MspInit)
    HAL_NVIC_SetPriority                     0x08000f69   Thumb Code    72  stm32g4xx_hal_cortex.o(.text.HAL_NVIC_SetPriority)
    HAL_NVIC_SetPriorityGrouping             0x08000fb5   Thumb Code    24  stm32g4xx_hal_cortex.o(.text.HAL_NVIC_SetPriorityGrouping)
    HAL_PWREx_ControlVoltageScaling          0x08000fd5   Thumb Code   140  stm32g4xx_hal_pwr_ex.o(.text.HAL_PWREx_ControlVoltageScaling)
    HAL_PWREx_DisableUCPDDeadBattery         0x08001069   Thumb Code     8  stm32g4xx_hal_pwr_ex.o(.text.HAL_PWREx_DisableUCPDDeadBattery)
    HAL_RCCEx_PeriphCLKConfig                0x08001075   Thumb Code   492  stm32g4xx_hal_rcc_ex.o(.text.HAL_RCCEx_PeriphCLKConfig)
    HAL_RCC_ClockConfig                      0x08001269   Thumb Code   464  stm32g4xx_hal_rcc.o(.text.HAL_RCC_ClockConfig)
    HAL_RCC_GetPCLK1Freq                     0x08001449   Thumb Code    20  stm32g4xx_hal_rcc.o(.text.HAL_RCC_GetPCLK1Freq)
    HAL_RCC_GetPCLK2Freq                     0x0800145d   Thumb Code    20  stm32g4xx_hal_rcc.o(.text.HAL_RCC_GetPCLK2Freq)
    HAL_RCC_GetSysClockFreq                  0x08001479   Thumb Code    92  stm32g4xx_hal_rcc.o(.text.HAL_RCC_GetSysClockFreq)
    HAL_RCC_OscConfig                        0x080014e1   Thumb Code   996  stm32g4xx_hal_rcc.o(.text.HAL_RCC_OscConfig)
    HAL_SYSTICK_Config                       0x080018d9   Thumb Code    32  stm32g4xx_hal_cortex.o(.text.HAL_SYSTICK_Config)
    HAL_TIMEx_ConfigBreakDeadTime            0x08001901   Thumb Code   152  stm32g4xx_hal_tim_ex.o(.text.HAL_TIMEx_ConfigBreakDeadTime)
    HAL_TIMEx_MasterConfigSynchronization    0x080019a9   Thumb Code   116  stm32g4xx_hal_tim_ex.o(.text.HAL_TIMEx_MasterConfigSynchronization)
    HAL_TIM_Base_Init                        0x08001a21   Thumb Code    36  stm32g4xx_hal_tim.o(.text.HAL_TIM_Base_Init)
    HAL_TIM_Base_MspInit                     0x08001a45   Thumb Code    84  tim.o(.text.HAL_TIM_Base_MspInit)
    HAL_TIM_IC_ConfigChannel                 0x08001a99   Thumb Code   242  stm32g4xx_hal_tim.o(.text.HAL_TIM_IC_ConfigChannel)
    HAL_TIM_IC_Init                          0x08001b8b   Thumb Code    36  stm32g4xx_hal_tim.o(.text.HAL_TIM_IC_Init)
    HAL_TIM_IC_MspInit                       0x08001baf   Thumb Code     2  stm32g4xx_hal_tim.o(.text.HAL_TIM_IC_MspInit)
    HAL_TIM_IC_Start                         0x08001bb1   Thumb Code   200  stm32g4xx_hal_tim.o(.text.HAL_TIM_IC_Start)
    HAL_TIM_MspPostInit                      0x08001c85   Thumb Code    92  tim.o(.text.HAL_TIM_MspPostInit)
    HAL_TIM_PWM_ConfigChannel                0x08001ced   Thumb Code   180  stm32g4xx_hal_tim.o(.text.HAL_TIM_PWM_ConfigChannel)
    HAL_TIM_PWM_Init                         0x08001da1   Thumb Code    36  stm32g4xx_hal_tim.o(.text.HAL_TIM_PWM_Init)
    HAL_TIM_PWM_MspInit                      0x08001dc5   Thumb Code    64  tim.o(.text.HAL_TIM_PWM_MspInit)
    HAL_TIM_PWM_Start                        0x08001e09   Thumb Code   208  stm32g4xx_hal_tim.o(.text.HAL_TIM_PWM_Start)
    HAL_TIM_ReadCapturedValue                0x08001ef9   Thumb Code    20  stm32g4xx_hal_tim.o(.text.HAL_TIM_ReadCapturedValue)
    HAL_TIM_SlaveConfigSynchro               0x08001f0d   Thumb Code    42  stm32g4xx_hal_tim.o(.text.HAL_TIM_SlaveConfigSynchro)
    HAL_UARTEx_DisableFifoMode               0x08001f37   Thumb Code    54  stm32g4xx_hal_uart_ex.o(.text.HAL_UARTEx_DisableFifoMode)
    HAL_UARTEx_SetRxFifoThreshold            0x08001f6d   Thumb Code    28  stm32g4xx_hal_uart_ex.o(.text.HAL_UARTEx_SetRxFifoThreshold)
    HAL_UARTEx_SetTxFifoThreshold            0x08001f89   Thumb Code    28  stm32g4xx_hal_uart_ex.o(.text.HAL_UARTEx_SetTxFifoThreshold)
    HAL_UART_Init                            0x08001fa5   Thumb Code    56  stm32g4xx_hal_uart.o(.text.HAL_UART_Init)
    HAL_UART_MspInit                         0x08001fdd   Thumb Code   124  usart.o(.text.HAL_UART_MspInit)
    HAL_UART_Receive                         0x08002061   Thumb Code   202  stm32g4xx_hal_uart.o(.text.HAL_UART_Receive)
    HAL_UART_Transmit                        0x0800212b   Thumb Code   172  stm32g4xx_hal_uart.o(.text.HAL_UART_Transmit)
    HardFault_Handler                        0x080021d7   Thumb Code     2  stm32g4xx_it.o(.text.HardFault_Handler)
    I2C_ReceiveByte                          0x080021d9   Thumb Code    46  i2c.o(.text.I2C_ReceiveByte)
    I2C_SendAck                              0x08002207   Thumb Code    22  i2c.o(.text.I2C_SendAck)
    I2C_SendByte                             0x0800221d   Thumb Code    42  i2c.o(.text.I2C_SendByte)
    I2C_SendNotAck                           0x08002247   Thumb Code    22  i2c.o(.text.I2C_SendNotAck)
    I2C_Start                                0x0800225d   Thumb Code    28  i2c.o(.text.I2C_Start)
    I2C_Stop                                 0x08002279   Thumb Code    26  i2c.o(.text.I2C_Stop)
    I2C_WaitAck                              0x08002293   Thumb Code    52  i2c.o(.text.I2C_WaitAck)
    KEY_Proc                                 0x080022c9   Thumb Code   104  main.o(.text.KEY_Proc)
    KEY_Read                                 0x08002331   Thumb Code   116  gpio.o(.text.KEY_Read)
    LCD_BusIn                                0x080023a5   Thumb Code    32  lcd.o(.text.LCD_BusIn)
    LCD_BusOut                               0x080023c5   Thumb Code    36  lcd.o(.text.LCD_BusOut)
    LCD_Clear                                0x080023ed   Thumb Code    34  lcd.o(.text.LCD_Clear)
    LCD_CtrlLinesConfig                      0x08002411   Thumb Code   152  lcd.o(.text.LCD_CtrlLinesConfig)
    LCD_DisplayChar                          0x080024b5   Thumb Code    20  lcd.o(.text.LCD_DisplayChar)
    LCD_DisplayStringLine                    0x080024cd   Thumb Code    36  lcd.o(.text.LCD_DisplayStringLine)
    LCD_DrawChar                             0x080024f1   Thumb Code    84  lcd.o(.text.LCD_DrawChar)
    LCD_Init                                 0x08002545   Thumb Code    48  lcd.o(.text.LCD_Init)
    LCD_Proc                                 0x08002579   Thumb Code   140  main.o(.text.LCD_Proc)
    LCD_ReadReg                              0x0800268d   Thumb Code    56  lcd.o(.text.LCD_ReadReg)
    LCD_SetBackColor                         0x080026cd   Thumb Code    20  lcd.o(.text.LCD_SetBackColor)
    LCD_SetCursor                            0x080026e5   Thumb Code    24  lcd.o(.text.LCD_SetCursor)
    LCD_SetTextColor                         0x080026fd   Thumb Code    20  lcd.o(.text.LCD_SetTextColor)
    LCD_WriteRAM                             0x08002715   Thumb Code    76  lcd.o(.text.LCD_WriteRAM)
    LCD_WriteRAM_Prepare                     0x08002761   Thumb Code    80  lcd.o(.text.LCD_WriteRAM_Prepare)
    LCD_WriteReg                             0x080027b1   Thumb Code    52  lcd.o(.text.LCD_WriteReg)
    LED_Disp                                 0x080027e9   Thumb Code    36  gpio.o(.text.LED_Disp)
    LED_Proc                                 0x08002815   Thumb Code    52  main.o(.text.LED_Proc)
    MCP_Write                                0x0800286b   Thumb Code    36  i2c.o(.text.MCP_Write)
    MEM_Read                                 0x08002891   Thumb Code    76  i2c.o(.text.MEM_Read)
    MEM_Write                                0x080028e5   Thumb Code    46  i2c.o(.text.MEM_Write)
    MX_ADC1_Init                             0x08002915   Thumb Code   160  adc.o(.text.MX_ADC1_Init)
    MX_ADC2_Init                             0x080029c1   Thumb Code   100  adc.o(.text.MX_ADC2_Init)
    MX_GPIO_Init                             0x08002a31   Thumb Code   280  gpio.o(.text.MX_GPIO_Init)
    MX_TIM1_Init                             0x08002b59   Thumb Code   188  tim.o(.text.MX_TIM1_Init)
    MX_TIM2_Init                             0x08002c1d   Thumb Code   188  tim.o(.text.MX_TIM2_Init)
    MX_TIM3_Init                             0x08002cdd   Thumb Code   116  tim.o(.text.MX_TIM3_Init)
    MX_USART1_UART_Init                      0x08002d59   Thumb Code   100  usart.o(.text.MX_USART1_UART_Init)
    MemManage_Handler                        0x08002dc5   Thumb Code     2  stm32g4xx_it.o(.text.MemManage_Handler)
    NMI_Handler                              0x08002dc7   Thumb Code     2  stm32g4xx_it.o(.text.NMI_Handler)
    PendSV_Handler                           0x0800321f   Thumb Code     2  stm32g4xx_it.o(.text.PendSV_Handler)
    REG_8230_Init                            0x08003221   Thumb Code   212  lcd.o(.text.REG_8230_Init)
    REG_932X_Init                            0x080032f5   Thumb Code   400  lcd.o(.text.REG_932X_Init)
    SCL_Output                               0x0800348d   Thumb Code    16  gpio.o(.text.SCL_Output)
    SDA_Input                                0x0800349d   Thumb Code     8  gpio.o(.text.SDA_Input)
    SDA_Input_Mode                           0x080034a5   Thumb Code    28  gpio.o(.text.SDA_Input_Mode)
    SDA_Output                               0x080034c1   Thumb Code    16  gpio.o(.text.SDA_Output)
    SDA_Output_Mode                          0x080034d1   Thumb Code    32  gpio.o(.text.SDA_Output_Mode)
    SVC_Handler                              0x080034f5   Thumb Code     2  stm32g4xx_it.o(.text.SVC_Handler)
    SysTick_Handler                          0x080034f9   Thumb Code    52  stm32g4xx_it.o(.text.SysTick_Handler)
    SystemClock_Config                       0x0800353d   Thumb Code   102  sys.o(.text.SystemClock_Config)
    SystemInit                               0x080035a5   Thumb Code    12  system_stm32g4xx.o(.text.SystemInit)
    TIM1_SetCompare1                         0x080035b5   Thumb Code     8  tim.o(.text.TIM1_SetCompare1)
    TIM2_GetCapture                          0x080035c1   Thumb Code    32  tim.o(.text.TIM2_GetCapture)
    TIM3_SetCompare1                         0x080035e5   Thumb Code     8  tim.o(.text.TIM3_SetCompare1)
    TIM_Base_SetConfig                       0x080035f1   Thumb Code   172  stm32g4xx_hal_tim.o(.text.TIM_Base_SetConfig)
    TIM_CCxChannelCmd                        0x080036b5   Thumb Code    30  stm32g4xx_hal_tim.o(.text.TIM_CCxChannelCmd)
    TIM_OC2_SetConfig                        0x08003755   Thumb Code   112  stm32g4xx_hal_tim.o(.text.TIM_OC2_SetConfig)
    TIM_TI1_SetConfig                        0x08003a65   Thumb Code    84  stm32g4xx_hal_tim.o(.text.TIM_TI1_SetConfig)
    UART_AdvFeatureConfig                    0x08003b6d   Thumb Code   168  stm32g4xx_hal_uart.o(.text.UART_AdvFeatureConfig)
    UART_CheckIdleState                      0x08003c15   Thumb Code   146  stm32g4xx_hal_uart.o(.text.UART_CheckIdleState)
    UART_Proc                                0x08003ce5   Thumb Code    56  main.o(.text.UART_Proc)
    UART_Receive                             0x08003d2d   Thumb Code    12  usart.o(.text.UART_Receive)
    UART_SetConfig                           0x08003d39   Thumb Code   468  stm32g4xx_hal_uart.o(.text.UART_SetConfig)
    UART_Transmit                            0x08003f4d   Thumb Code    12  usart.o(.text.UART_Transmit)
    UART_WaitOnFlagUntilTimeout              0x08003f5d   Thumb Code   136  stm32g4xx_hal_uart.o(.text.UART_WaitOnFlagUntilTimeout)
    UsageFault_Handler                       0x08003fe5   Thumb Code     2  stm32g4xx_it.o(.text.UsageFault_Handler)
    fputc                                    0x08003fe7   Thumb Code    16  main.o(.text.fputc)
    main                                     0x08003ff9   Thumb Code   132  main.o(.text.main)
    __0printf$8                              0x08004085   Thumb Code    22  printf8.o(i.__0printf$8)
    __1printf$8                              0x08004085   Thumb Code     0  printf8.o(i.__0printf$8)
    __2printf                                0x08004085   Thumb Code     0  printf8.o(i.__0printf$8)
    __0sprintf$8                             0x080040a5   Thumb Code    34  printf8.o(i.__0sprintf$8)
    __1sprintf$8                             0x080040a5   Thumb Code     0  printf8.o(i.__0sprintf$8)
    __2sprintf                               0x080040a5   Thumb Code     0  printf8.o(i.__0sprintf$8)
    __scatterload_copy                       0x080040cd   Thumb Code    14  handlers.o(i.__scatterload_copy)
    __scatterload_null                       0x080040db   Thumb Code     2  handlers.o(i.__scatterload_null)
    __scatterload_zeroinit                   0x080040dd   Thumb Code    14  handlers.o(i.__scatterload_zeroinit)
    AHBPrescTable                            0x08004558   Data          16  system_stm32g4xx.o(.rodata.AHBPrescTable)
    APBPrescTable                            0x08004568   Data           8  system_stm32g4xx.o(.rodata.APBPrescTable)
    ASCII_Table                              0x08004570   Data        4560  lcd.o(.rodata.ASCII_Table)
    UARTPrescTable                           0x08005740   Data          24  stm32g4xx_hal_uart.o(.rodata.UARTPrescTable)
    Region$$Table$$Base                      0x08005778   Number         0  anon$$obj.o(Region$$Table)
    Region$$Table$$Limit                     0x08005798   Number         0  anon$$obj.o(Region$$Table)
    __stdout                                 0x20000000   Data           4  stdout.o(.data)
    ucMcp                                    0x20000004   Data           1  main.o(.data..L_MergedGlobals)
    ucDuty                                   0x20000005   Data           1  main.o(.data..L_MergedGlobals)
    uwTickPrio                               0x20000008   Data           4  stm32g4xx_hal.o(.data..L_MergedGlobals)
    uwTickFreq                               0x2000000c   Data           4  stm32g4xx_hal.o(.data..L_MergedGlobals)
    SystemCoreClock                          0x20000014   Data           4  system_stm32g4xx.o(.data.SystemCoreClock)
    ucCnt                                    0x20000018   Data           1  main.o(.bss..L_MergedGlobals.6)
    ucKey                                    0x20000019   Data           1  main.o(.bss..L_MergedGlobals.6)
    ucDir                                    0x2000001a   Data           1  main.o(.bss..L_MergedGlobals.6)
    ucSec1                                   0x2000001b   Data           1  main.o(.bss..L_MergedGlobals.6)
    ucSec                                    0x2000001c   Data           1  main.o(.bss..L_MergedGlobals.6)
    ucLed                                    0x2000001d   Data           1  main.o(.bss..L_MergedGlobals.6)
    ucSec2                                   0x2000001e   Data           1  main.o(.bss..L_MergedGlobals.6)
    ucTadc                                   0x2000001f   Data           1  main.o(.bss..L_MergedGlobals.6)
    usTlcd                                   0x20000020   Data           2  main.o(.bss..L_MergedGlobals.6)
    usCapt                                   0x20000022   Data           4  main.o(.bss..L_MergedGlobals.6)
    usAdc                                    0x20000026   Data           6  main.o(.bss..L_MergedGlobals.6)
    ucUrx                                    0x2000002c   Data          20  main.o(.bss..L_MergedGlobals.6)
    ucLcd                                    0x20000040   Data          21  main.o(.bss..L_MergedGlobals.6)
    dummy                                    0x20000060   Data           2  lcd.o(.bss.dummy)
    hadc1                                    0x20000064   Data         108  adc.o(.bss.hadc1)
    hadc2                                    0x200000d0   Data         108  adc.o(.bss.hadc2)
    htim1                                    0x2000013c   Data          76  tim.o(.bss.htim1)
    htim2                                    0x20000188   Data          76  tim.o(.bss.htim2)
    htim3                                    0x200001d4   Data          76  tim.o(.bss.htim3)
    huart1                                   0x20000220   Data         148  usart.o(.bss.huart1)
    uwTick                                   0x200002b4   Data           4  stm32g4xx_hal.o(.bss.uwTick)
    __initial_sp                             0x200006b8   Data           0  startup_stm32g431xx.o(STACK)



==============================================================================

Memory Map of the image

  Image Entry point : 0x080001d9

  Load Region LR_IROM1 (Base: 0x08000000, Size: 0x000057b0, Max: 0x00020000, ABSOLUTE)

    Execution Region ER_IROM1 (Exec base: 0x08000000, Load base: 0x08000000, Size: 0x00005798, Max: 0x00020000, ABSOLUTE)

    Exec Addr    Load Addr    Size         Type   Attr      Idx    E Section Name        Object

    0x08000000   0x08000000   0x000001d8   Data   RO            3    RESET               startup_stm32g431xx.o
    0x080001d8   0x080001d8   0x00000000   Code   RO         2018  * .ARM.Collect$$$$00000000  mc_w.l(entry.o)
    0x080001d8   0x080001d8   0x00000004   Code   RO         2286    .ARM.Collect$$$$00000001  mc_w.l(entry2.o)
    0x080001dc   0x080001dc   0x00000004   Code   RO         2289    .ARM.Collect$$$$00000004  mc_w.l(entry5.o)
    0x080001e0   0x080001e0   0x00000000   Code   RO         2291    .ARM.Collect$$$$00000008  mc_w.l(entry7b.o)
    0x080001e0   0x080001e0   0x00000000   Code   RO         2293    .ARM.Collect$$$$0000000A  mc_w.l(entry8b.o)
    0x080001e0   0x080001e0   0x00000008   Code   RO         2294    .ARM.Collect$$$$0000000B  mc_w.l(entry9a.o)
    0x080001e8   0x080001e8   0x00000000   Code   RO         2296    .ARM.Collect$$$$0000000D  mc_w.l(entry10a.o)
    0x080001e8   0x080001e8   0x00000000   Code   RO         2298    .ARM.Collect$$$$0000000F  mc_w.l(entry11a.o)
    0x080001e8   0x080001e8   0x00000004   Code   RO         2287    .ARM.Collect$$$$00002712  mc_w.l(entry2.o)
    0x080001ec   0x080001ec   0x00000024   Code   RO            4    .text               startup_stm32g431xx.o
    0x08000210   0x08000210   0x00000062   Code   RO         2021    .text               mc_w.l(uldiv.o)
    0x08000272   0x08000272   0x00000024   Code   RO         2023    .text               mc_w.l(memseta.o)
    0x08000296   0x08000296   0x0000001e   Code   RO         2312    .text               mc_w.l(llshl.o)
    0x080002b4   0x080002b4   0x00000020   Code   RO         2314    .text               mc_w.l(llushr.o)
    0x080002d4   0x080002d4   0x00000030   Code   RO         2327    .text               mc_w.l(init.o)
    0x08000304   0x08000304   0x00000038   Code   RO           76    .text.ADC1_Read     adc.o
    0x0800033c   0x0800033c   0x00000028   Code   RO           78    .text.ADC2_Read     adc.o
    0x08000364   0x08000364   0x0000005c   Code   RO          342    .text.ADC_Disable   stm32g4xx_hal_adc.o
    0x080003c0   0x080003c0   0x00000090   Code   RO          348    .text.ADC_Enable    stm32g4xx_hal_adc.o
    0x08000450   0x08000450   0x00000024   Code   RO           21    .text.ADC_Proc      main.o
    0x08000474   0x08000474   0x00000002   Code   RO          165    .text.BusFault_Handler  stm32g4xx_it.o
    0x08000476   0x08000476   0x00000002   Code   RO          171    .text.DebugMon_Handler  stm32g4xx_it.o
    0x08000478   0x08000478   0x00000008   Code   RO           25    .text.Error_Handler  main.o
    0x08000480   0x08000480   0x00000088   Code   RO          442    .text.HAL_ADCEx_Calibration_Start  stm32g4xx_hal_adc_ex.o
    0x08000508   0x08000508   0x000000a4   Code   RO          488    .text.HAL_ADCEx_MultiModeConfigChannel  stm32g4xx_hal_adc_ex.o
    0x080005ac   0x080005ac   0x00000300   Code   RO          386    .text.HAL_ADC_ConfigChannel  stm32g4xx_hal_adc.o
    0x080008ac   0x080008ac   0x00000006   Code   RO          370    .text.HAL_ADC_GetValue  stm32g4xx_hal_adc.o
    0x080008b2   0x080008b2   0x00000002   PAD
    0x080008b4   0x080008b4   0x000001ac   Code   RO          334    .text.HAL_ADC_Init  stm32g4xx_hal_adc.o
    0x08000a60   0x08000a60   0x00000098   Code   RO           72    .text.HAL_ADC_MspInit  adc.o
    0x08000af8   0x08000af8   0x0000012c   Code   RO          352    .text.HAL_ADC_PollForConversion  stm32g4xx_hal_adc.o
    0x08000c24   0x08000c24   0x000000b0   Code   RO          346    .text.HAL_ADC_Start  stm32g4xx_hal_adc.o
    0x08000cd4   0x08000cd4   0x00000020   Code   RO          551    .text.HAL_Delay     stm32g4xx_hal.o
    0x08000cf4   0x08000cf4   0x000001ac   Code   RO          811    .text.HAL_GPIO_Init  stm32g4xx_hal_gpio.o
    0x08000ea0   0x08000ea0   0x0000000a   Code   RO          815    .text.HAL_GPIO_ReadPin  stm32g4xx_hal_gpio.o
    0x08000eaa   0x08000eaa   0x0000000c   Code   RO          817    .text.HAL_GPIO_WritePin  stm32g4xx_hal_gpio.o
    0x08000eb6   0x08000eb6   0x00000002   PAD
    0x08000eb8   0x08000eb8   0x00000008   Code   RO          543    .text.HAL_GetTick   stm32g4xx_hal.o
    0x08000ec0   0x08000ec0   0x00000014   Code   RO          541    .text.HAL_IncTick   stm32g4xx_hal.o
    0x08000ed4   0x08000ed4   0x0000001c   Code   RO          531    .text.HAL_Init      stm32g4xx_hal.o
    0x08000ef0   0x08000ef0   0x00000044   Code   RO          533    .text.HAL_InitTick  stm32g4xx_hal.o
    0x08000f34   0x08000f34   0x00000034   Code   RO          188    .text.HAL_MspInit   stm32g4xx_hal_msp.o
    0x08000f68   0x08000f68   0x0000004c   Code   RO         1055    .text.HAL_NVIC_SetPriority  stm32g4xx_hal_cortex.o
    0x08000fb4   0x08000fb4   0x00000020   Code   RO         1053    .text.HAL_NVIC_SetPriorityGrouping  stm32g4xx_hal_cortex.o
    0x08000fd4   0x08000fd4   0x00000094   Code   RO          963    .text.HAL_PWREx_ControlVoltageScaling  stm32g4xx_hal_pwr_ex.o
    0x08001068   0x08001068   0x0000000c   Code   RO         1033    .text.HAL_PWREx_DisableUCPDDeadBattery  stm32g4xx_hal_pwr_ex.o
    0x08001074   0x08001074   0x000001f4   Code   RO          677    .text.HAL_RCCEx_PeriphCLKConfig  stm32g4xx_hal_rcc_ex.o
    0x08001268   0x08001268   0x000001e0   Code   RO          635    .text.HAL_RCC_ClockConfig  stm32g4xx_hal_rcc.o
    0x08001448   0x08001448   0x00000014   Code   RO          643    .text.HAL_RCC_GetPCLK1Freq  stm32g4xx_hal_rcc.o
    0x0800145c   0x0800145c   0x0000001c   Code   RO          645    .text.HAL_RCC_GetPCLK2Freq  stm32g4xx_hal_rcc.o
    0x08001478   0x08001478   0x00000068   Code   RO          637    .text.HAL_RCC_GetSysClockFreq  stm32g4xx_hal_rcc.o
    0x080014e0   0x080014e0   0x000003f8   Code   RO          633    .text.HAL_RCC_OscConfig  stm32g4xx_hal_rcc.o
    0x080018d8   0x080018d8   0x00000028   Code   RO         1065    .text.HAL_SYSTICK_Config  stm32g4xx_hal_cortex.o
    0x08001900   0x08001900   0x000000a8   Code   RO         1576    .text.HAL_TIMEx_ConfigBreakDeadTime  stm32g4xx_hal_tim_ex.o
    0x080019a8   0x080019a8   0x00000078   Code   RO         1574    .text.HAL_TIMEx_MasterConfigSynchronization  stm32g4xx_hal_tim_ex.o
    0x08001a20   0x08001a20   0x00000024   Code   RO         1107    .text.HAL_TIM_Base_Init  stm32g4xx_hal_tim.o
    0x08001a44   0x08001a44   0x00000054   Code   RO          109    .text.HAL_TIM_Base_MspInit  tim.o
    0x08001a98   0x08001a98   0x000000f2   Code   RO         1267    .text.HAL_TIM_IC_ConfigChannel  stm32g4xx_hal_tim.o
    0x08001b8a   0x08001b8a   0x00000024   Code   RO         1181    .text.HAL_TIM_IC_Init  stm32g4xx_hal_tim.o
    0x08001bae   0x08001bae   0x00000002   Code   RO         1183    .text.HAL_TIM_IC_MspInit  stm32g4xx_hal_tim.o
    0x08001bb0   0x08001bb0   0x000000d4   Code   RO         1189    .text.HAL_TIM_IC_Start  stm32g4xx_hal_tim.o
    0x08001c84   0x08001c84   0x00000068   Code   RO          101    .text.HAL_TIM_MspPostInit  tim.o
    0x08001cec   0x08001cec   0x000000b4   Code   RO         1273    .text.HAL_TIM_PWM_ConfigChannel  stm32g4xx_hal_tim.o
    0x08001da0   0x08001da0   0x00000024   Code   RO         1161    .text.HAL_TIM_PWM_Init  stm32g4xx_hal_tim.o
    0x08001dc4   0x08001dc4   0x00000044   Code   RO          107    .text.HAL_TIM_PWM_MspInit  tim.o
    0x08001e08   0x08001e08   0x000000f0   Code   RO         1169    .text.HAL_TIM_PWM_Start  stm32g4xx_hal_tim.o
    0x08001ef8   0x08001ef8   0x00000014   Code   RO         1313    .text.HAL_TIM_ReadCapturedValue  stm32g4xx_hal_tim.o
    0x08001f0c   0x08001f0c   0x0000002a   Code   RO         1307    .text.HAL_TIM_SlaveConfigSynchro  stm32g4xx_hal_tim.o
    0x08001f36   0x08001f36   0x00000036   Code   RO         1971    .text.HAL_UARTEx_DisableFifoMode  stm32g4xx_hal_uart_ex.o
    0x08001f6c   0x08001f6c   0x0000001c   Code   RO         1975    .text.HAL_UARTEx_SetRxFifoThreshold  stm32g4xx_hal_uart_ex.o
    0x08001f88   0x08001f88   0x0000001c   Code   RO         1973    .text.HAL_UARTEx_SetTxFifoThreshold  stm32g4xx_hal_uart_ex.o
    0x08001fa4   0x08001fa4   0x00000038   Code   RO         1709    .text.HAL_UART_Init  stm32g4xx_hal_uart.o
    0x08001fdc   0x08001fdc   0x00000084   Code   RO          142    .text.HAL_UART_MspInit  usart.o
    0x08002060   0x08002060   0x000000ca   Code   RO         1733    .text.HAL_UART_Receive  stm32g4xx_hal_uart.o
    0x0800212a   0x0800212a   0x000000ac   Code   RO         1729    .text.HAL_UART_Transmit  stm32g4xx_hal_uart.o
    0x080021d6   0x080021d6   0x00000002   Code   RO          161    .text.HardFault_Handler  stm32g4xx_it.o
    0x080021d8   0x080021d8   0x0000002e   Code   RO          303    .text.I2C_ReceiveByte  i2c.o
    0x08002206   0x08002206   0x00000016   Code   RO          297    .text.I2C_SendAck   i2c.o
    0x0800221c   0x0800221c   0x0000002a   Code   RO          301    .text.I2C_SendByte  i2c.o
    0x08002246   0x08002246   0x00000016   Code   RO          299    .text.I2C_SendNotAck  i2c.o
    0x0800225c   0x0800225c   0x0000001c   Code   RO          291    .text.I2C_Start     i2c.o
    0x08002278   0x08002278   0x0000001a   Code   RO          293    .text.I2C_Stop      i2c.o
    0x08002292   0x08002292   0x00000034   Code   RO          295    .text.I2C_WaitAck   i2c.o
    0x080022c6   0x080022c6   0x00000002   PAD
    0x080022c8   0x080022c8   0x00000068   Code   RO           13    .text.KEY_Proc      main.o
    0x08002330   0x08002330   0x00000074   Code   RO           40    .text.KEY_Read      gpio.o
    0x080023a4   0x080023a4   0x00000020   Code   RO          253    .text.LCD_BusIn     lcd.o
    0x080023c4   0x080023c4   0x00000028   Code   RO          255    .text.LCD_BusOut    lcd.o
    0x080023ec   0x080023ec   0x00000022   Code   RO          227    .text.LCD_Clear     lcd.o
    0x0800240e   0x0800240e   0x00000002   PAD
    0x08002410   0x08002410   0x000000a4   Code   RO          215    .text.LCD_CtrlLinesConfig  lcd.o
    0x080024b4   0x080024b4   0x00000018   Code   RO          237    .text.LCD_DisplayChar  lcd.o
    0x080024cc   0x080024cc   0x00000024   Code   RO          225    .text.LCD_DisplayStringLine  lcd.o
    0x080024f0   0x080024f0   0x00000054   Code   RO          235    .text.LCD_DrawChar  lcd.o
    0x08002544   0x08002544   0x00000034   Code   RO          213    .text.LCD_Init      lcd.o
    0x08002578   0x08002578   0x00000114   Code   RO           17    .text.LCD_Proc      main.o
    0x0800268c   0x0800268c   0x00000040   Code   RO          217    .text.LCD_ReadReg   lcd.o
    0x080026cc   0x080026cc   0x00000018   Code   RO          221    .text.LCD_SetBackColor  lcd.o
    0x080026e4   0x080026e4   0x00000018   Code   RO          229    .text.LCD_SetCursor  lcd.o
    0x080026fc   0x080026fc   0x00000018   Code   RO          219    .text.LCD_SetTextColor  lcd.o
    0x08002714   0x08002714   0x0000004c   Code   RO          233    .text.LCD_WriteRAM  lcd.o
    0x08002760   0x08002760   0x00000050   Code   RO          231    .text.LCD_WriteRAM_Prepare  lcd.o
    0x080027b0   0x080027b0   0x00000038   Code   RO          209    .text.LCD_WriteReg  lcd.o
    0x080027e8   0x080027e8   0x0000002c   Code   RO           42    .text.LED_Disp      gpio.o
    0x08002814   0x08002814   0x00000038   Code   RO           15    .text.LED_Proc      main.o
    0x0800284c   0x0800284c   0x0000001e   Code   RO          388    .text.LL_ADC_SetChannelSamplingTime  stm32g4xx_hal_adc.o
    0x0800286a   0x0800286a   0x00000024   Code   RO          309    .text.MCP_Write     i2c.o
    0x0800288e   0x0800288e   0x00000002   PAD
    0x08002890   0x08002890   0x00000054   Code   RO          305    .text.MEM_Read      i2c.o
    0x080028e4   0x080028e4   0x0000002e   Code   RO          307    .text.MEM_Write     i2c.o
    0x08002912   0x08002912   0x00000002   PAD
    0x08002914   0x08002914   0x000000ac   Code   RO           68    .text.MX_ADC1_Init  adc.o
    0x080029c0   0x080029c0   0x00000070   Code   RO           70    .text.MX_ADC2_Init  adc.o
    0x08002a30   0x08002a30   0x00000128   Code   RO           38    .text.MX_GPIO_Init  gpio.o
    0x08002b58   0x08002b58   0x000000c4   Code   RO           99    .text.MX_TIM1_Init  tim.o
    0x08002c1c   0x08002c1c   0x000000c0   Code   RO          103    .text.MX_TIM2_Init  tim.o
    0x08002cdc   0x08002cdc   0x0000007c   Code   RO          105    .text.MX_TIM3_Init  tim.o
    0x08002d58   0x08002d58   0x0000006c   Code   RO          140    .text.MX_USART1_UART_Init  usart.o
    0x08002dc4   0x08002dc4   0x00000002   Code   RO          163    .text.MemManage_Handler  stm32g4xx_it.o
    0x08002dc6   0x08002dc6   0x00000002   Code   RO          159    .text.NMI_Handler   stm32g4xx_it.o
    0x08002dc8   0x08002dc8   0x0000000c   Code   RO           54    .text.OUTLINED_FUNCTION_0  gpio.o
    0x08002dd4   0x08002dd4   0x00000014   Code   RO           80    .text.OUTLINED_FUNCTION_0  adc.o
    0x08002de8   0x08002de8   0x0000000a   Code   RO          125    .text.OUTLINED_FUNCTION_0  tim.o
    0x08002df2   0x08002df2   0x0000002e   Code   RO          267    .text.OUTLINED_FUNCTION_0  lcd.o
    0x08002e20   0x08002e20   0x00000006   Code   RO          311    .text.OUTLINED_FUNCTION_0  i2c.o
    0x08002e26   0x08002e26   0x00000014   Code   RO          398    .text.OUTLINED_FUNCTION_0  stm32g4xx_hal_adc.o
    0x08002e3a   0x08002e3a   0x00000010   Code   RO          661    .text.OUTLINED_FUNCTION_0  stm32g4xx_hal_rcc.o
    0x08002e4a   0x08002e4a   0x0000000a   Code   RO          715    .text.OUTLINED_FUNCTION_0  stm32g4xx_hal_rcc_ex.o
    0x08002e54   0x08002e54   0x0000002e   Code   RO         1343    .text.OUTLINED_FUNCTION_0  stm32g4xx_hal_tim.o
    0x08002e82   0x08002e82   0x0000001c   Code   RO         1985    .text.OUTLINED_FUNCTION_0  stm32g4xx_hal_uart_ex.o
    0x08002e9e   0x08002e9e   0x0000000a   Code   RO           56    .text.OUTLINED_FUNCTION_1  gpio.o
    0x08002ea8   0x08002ea8   0x00000014   Code   RO           82    .text.OUTLINED_FUNCTION_1  adc.o
    0x08002ebc   0x08002ebc   0x0000000a   Code   RO          127    .text.OUTLINED_FUNCTION_1  tim.o
    0x08002ec6   0x08002ec6   0x0000001e   Code   RO          269    .text.OUTLINED_FUNCTION_1  lcd.o
    0x08002ee4   0x08002ee4   0x0000000a   Code   RO          313    .text.OUTLINED_FUNCTION_1  i2c.o
    0x08002eee   0x08002eee   0x00000016   Code   RO          400    .text.OUTLINED_FUNCTION_1  stm32g4xx_hal_adc.o
    0x08002f04   0x08002f04   0x00000008   Code   RO          663    .text.OUTLINED_FUNCTION_1  stm32g4xx_hal_rcc.o
    0x08002f0c   0x08002f0c   0x0000000a   Code   RO         1037    .text.OUTLINED_FUNCTION_1  stm32g4xx_hal_pwr_ex.o
    0x08002f16   0x08002f16   0x00000012   Code   RO         1987    .text.OUTLINED_FUNCTION_1  stm32g4xx_hal_uart_ex.o
    0x08002f28   0x08002f28   0x00000008   Code   RO          418    .text.OUTLINED_FUNCTION_10  stm32g4xx_hal_adc.o
    0x08002f30   0x08002f30   0x00000010   Code   RO          420    .text.OUTLINED_FUNCTION_11  stm32g4xx_hal_adc.o
    0x08002f40   0x08002f40   0x00000014   Code   RO         1869    .text.OUTLINED_FUNCTION_11  stm32g4xx_hal_uart.o
    0x08002f54   0x08002f54   0x0000000c   Code   RO         1367    .text.OUTLINED_FUNCTION_12  stm32g4xx_hal_tim.o
    0x08002f60   0x08002f60   0x0000000c   Code   RO         1873    .text.OUTLINED_FUNCTION_13  stm32g4xx_hal_uart.o
    0x08002f6c   0x08002f6c   0x00000008   Code   RO         1875    .text.OUTLINED_FUNCTION_14  stm32g4xx_hal_uart.o
    0x08002f74   0x08002f74   0x0000000c   Code   RO         1373    .text.OUTLINED_FUNCTION_15  stm32g4xx_hal_tim.o
    0x08002f80   0x08002f80   0x00000008   Code   RO         1877    .text.OUTLINED_FUNCTION_15  stm32g4xx_hal_uart.o
    0x08002f88   0x08002f88   0x00000014   Code   RO         1879    .text.OUTLINED_FUNCTION_16  stm32g4xx_hal_uart.o
    0x08002f9c   0x08002f9c   0x0000000e   Code   RO          432    .text.OUTLINED_FUNCTION_17  stm32g4xx_hal_adc.o
    0x08002faa   0x08002faa   0x0000000e   Code   RO         1379    .text.OUTLINED_FUNCTION_18  stm32g4xx_hal_tim.o
    0x08002fb8   0x08002fb8   0x00000006   Code   RO           58    .text.OUTLINED_FUNCTION_2  gpio.o
    0x08002fbe   0x08002fbe   0x00000014   Code   RO           84    .text.OUTLINED_FUNCTION_2  adc.o
    0x08002fd2   0x08002fd2   0x00000010   Code   RO          271    .text.OUTLINED_FUNCTION_2  lcd.o
    0x08002fe2   0x08002fe2   0x00000006   Code   RO          315    .text.OUTLINED_FUNCTION_2  i2c.o
    0x08002fe8   0x08002fe8   0x0000000a   Code   RO          665    .text.OUTLINED_FUNCTION_2  stm32g4xx_hal_rcc.o
    0x08002ff2   0x08002ff2   0x00000010   Code   RO          719    .text.OUTLINED_FUNCTION_2  stm32g4xx_hal_rcc_ex.o
    0x08003002   0x08003002   0x00000008   Code   RO         1391    .text.OUTLINED_FUNCTION_24  stm32g4xx_hal_tim.o
    0x0800300a   0x0800300a   0x0000000c   Code   RO         1895    .text.OUTLINED_FUNCTION_24  stm32g4xx_hal_uart.o
    0x08003016   0x08003016   0x0000000a   Code   RO         1395    .text.OUTLINED_FUNCTION_26  stm32g4xx_hal_tim.o
    0x08003020   0x08003020   0x0000000a   Code   RO         1397    .text.OUTLINED_FUNCTION_27  stm32g4xx_hal_tim.o
    0x0800302a   0x0800302a   0x0000000a   Code   RO         1399    .text.OUTLINED_FUNCTION_28  stm32g4xx_hal_tim.o
    0x08003034   0x08003034   0x0000000e   Code   RO           86    .text.OUTLINED_FUNCTION_3  adc.o
    0x08003042   0x08003042   0x00000006   Code   RO          273    .text.OUTLINED_FUNCTION_3  lcd.o
    0x08003048   0x08003048   0x00000006   Code   RO          667    .text.OUTLINED_FUNCTION_3  stm32g4xx_hal_rcc.o
    0x0800304e   0x0800304e   0x0000000e   Code   RO         1041    .text.OUTLINED_FUNCTION_3  stm32g4xx_hal_pwr_ex.o
    0x0800305c   0x0800305c   0x0000000e   Code   RO         1349    .text.OUTLINED_FUNCTION_3  stm32g4xx_hal_tim.o
    0x0800306a   0x0800306a   0x0000000a   Code   RO         1991    .text.OUTLINED_FUNCTION_3  stm32g4xx_hal_uart_ex.o
    0x08003074   0x08003074   0x0000000e   Code   RO         1413    .text.OUTLINED_FUNCTION_35  stm32g4xx_hal_tim.o
    0x08003082   0x08003082   0x0000000a   Code   RO         1917    .text.OUTLINED_FUNCTION_35  stm32g4xx_hal_uart.o
    0x0800308c   0x0800308c   0x0000000e   Code   RO         1925    .text.OUTLINED_FUNCTION_39  stm32g4xx_hal_uart.o
    0x0800309a   0x0800309a   0x00000020   Code   RO          275    .text.OUTLINED_FUNCTION_4  lcd.o
    0x080030ba   0x080030ba   0x0000001a   Code   RO          406    .text.OUTLINED_FUNCTION_4  stm32g4xx_hal_adc.o
    0x080030d4   0x080030d4   0x0000000e   Code   RO         1043    .text.OUTLINED_FUNCTION_4  stm32g4xx_hal_pwr_ex.o
    0x080030e2   0x080030e2   0x0000000e   Code   RO         1351    .text.OUTLINED_FUNCTION_4  stm32g4xx_hal_tim.o
    0x080030f0   0x080030f0   0x00000016   Code   RO         1855    .text.OUTLINED_FUNCTION_4  stm32g4xx_hal_uart.o
    0x08003106   0x08003106   0x0000000a   Code   RO         1993    .text.OUTLINED_FUNCTION_4  stm32g4xx_hal_uart_ex.o
    0x08003110   0x08003110   0x00000006   Code   RO         1927    .text.OUTLINED_FUNCTION_40  stm32g4xx_hal_uart.o
    0x08003116   0x08003116   0x00000006   Code   RO         1425    .text.OUTLINED_FUNCTION_41  stm32g4xx_hal_tim.o
    0x0800311c   0x0800311c   0x00000006   Code   RO         1929    .text.OUTLINED_FUNCTION_41  stm32g4xx_hal_uart.o
    0x08003122   0x08003122   0x00000010   Code   RO         1427    .text.OUTLINED_FUNCTION_42  stm32g4xx_hal_tim.o
    0x08003132   0x08003132   0x00000008   Code   RO         1933    .text.OUTLINED_FUNCTION_43  stm32g4xx_hal_uart.o
    0x0800313a   0x0800313a   0x00000008   Code   RO         1935    .text.OUTLINED_FUNCTION_44  stm32g4xx_hal_uart.o
    0x08003142   0x08003142   0x00000008   Code   RO         1937    .text.OUTLINED_FUNCTION_45  stm32g4xx_hal_uart.o
    0x0800314a   0x0800314a   0x00000008   Code   RO         1439    .text.OUTLINED_FUNCTION_48  stm32g4xx_hal_tim.o
    0x08003152   0x08003152   0x00000006   Code   RO          508    .text.OUTLINED_FUNCTION_5  stm32g4xx_hal_adc_ex.o
    0x08003158   0x08003158   0x0000000a   Code   RO         1857    .text.OUTLINED_FUNCTION_5  stm32g4xx_hal_uart.o
    0x08003162   0x08003162   0x0000000c   Code   RO         1443    .text.OUTLINED_FUNCTION_50  stm32g4xx_hal_tim.o
    0x0800316e   0x0800316e   0x00000008   Code   RO         1445    .text.OUTLINED_FUNCTION_51  stm32g4xx_hal_tim.o
    0x08003176   0x08003176   0x0000000a   Code   RO         1447    .text.OUTLINED_FUNCTION_52  stm32g4xx_hal_tim.o
    0x08003180   0x08003180   0x0000000a   Code   RO         1449    .text.OUTLINED_FUNCTION_53  stm32g4xx_hal_tim.o
    0x0800318a   0x0800318a   0x00000008   Code   RO         1451    .text.OUTLINED_FUNCTION_54  stm32g4xx_hal_tim.o
    0x08003192   0x08003192   0x00000008   Code   RO         1453    .text.OUTLINED_FUNCTION_55  stm32g4xx_hal_tim.o
    0x0800319a   0x0800319a   0x00000008   Code   RO         1455    .text.OUTLINED_FUNCTION_56  stm32g4xx_hal_tim.o
    0x080031a2   0x080031a2   0x00000008   Code   RO         1457    .text.OUTLINED_FUNCTION_57  stm32g4xx_hal_tim.o
    0x080031aa   0x080031aa   0x00000012   Code   RO          410    .text.OUTLINED_FUNCTION_6  stm32g4xx_hal_adc.o
    0x080031bc   0x080031bc   0x0000000a   Code   RO         1859    .text.OUTLINED_FUNCTION_6  stm32g4xx_hal_uart.o
    0x080031c6   0x080031c6   0x00000008   Code   RO         1465    .text.OUTLINED_FUNCTION_61  stm32g4xx_hal_tim.o
    0x080031ce   0x080031ce   0x0000000a   Code   RO         1477    .text.OUTLINED_FUNCTION_67  stm32g4xx_hal_tim.o
    0x080031d8   0x080031d8   0x00000008   Code   RO         1479    .text.OUTLINED_FUNCTION_68  stm32g4xx_hal_tim.o
    0x080031e0   0x080031e0   0x0000000e   Code   RO         1481    .text.OUTLINED_FUNCTION_69  stm32g4xx_hal_tim.o
    0x080031ee   0x080031ee   0x0000000e   Code   RO         1487    .text.OUTLINED_FUNCTION_72  stm32g4xx_hal_tim.o
    0x080031fc   0x080031fc   0x0000000a   Code   RO         1489    .text.OUTLINED_FUNCTION_73  stm32g4xx_hal_tim.o
    0x08003206   0x08003206   0x0000000c   Code   RO         1863    .text.OUTLINED_FUNCTION_8  stm32g4xx_hal_uart.o
    0x08003212   0x08003212   0x0000000c   Code   RO          416    .text.OUTLINED_FUNCTION_9  stm32g4xx_hal_adc.o
    0x0800321e   0x0800321e   0x00000002   Code   RO          173    .text.PendSV_Handler  stm32g4xx_it.o
    0x08003220   0x08003220   0x000000d4   Code   RO          207    .text.REG_8230_Init  lcd.o
    0x080032f4   0x080032f4   0x00000198   Code   RO          211    .text.REG_932X_Init  lcd.o
    0x0800348c   0x0800348c   0x00000010   Code   RO           52    .text.SCL_Output    gpio.o
    0x0800349c   0x0800349c   0x00000008   Code   RO           48    .text.SDA_Input     gpio.o
    0x080034a4   0x080034a4   0x0000001c   Code   RO           44    .text.SDA_Input_Mode  gpio.o
    0x080034c0   0x080034c0   0x00000010   Code   RO           50    .text.SDA_Output    gpio.o
    0x080034d0   0x080034d0   0x00000024   Code   RO           46    .text.SDA_Output_Mode  gpio.o
    0x080034f4   0x080034f4   0x00000002   Code   RO          169    .text.SVC_Handler   stm32g4xx_it.o
    0x080034f6   0x080034f6   0x00000002   PAD
    0x080034f8   0x080034f8   0x00000044   Code   RO          175    .text.SysTick_Handler  stm32g4xx_it.o
    0x0800353c   0x0800353c   0x00000066   Code   RO          196    .text.SystemClock_Config  sys.o
    0x080035a2   0x080035a2   0x00000002   PAD
    0x080035a4   0x080035a4   0x00000010   Code   RO         2004    .text.SystemInit    system_stm32g4xx.o
    0x080035b4   0x080035b4   0x0000000c   Code   RO          119    .text.TIM1_SetCompare1  tim.o
    0x080035c0   0x080035c0   0x00000024   Code   RO          123    .text.TIM2_GetCapture  tim.o
    0x080035e4   0x080035e4   0x0000000c   Code   RO          121    .text.TIM3_SetCompare1  tim.o
    0x080035f0   0x080035f0   0x000000c4   Code   RO         1111    .text.TIM_Base_SetConfig  stm32g4xx_hal_tim.o
    0x080036b4   0x080036b4   0x0000001e   Code   RO         1145    .text.TIM_CCxChannelCmd  stm32g4xx_hal_tim.o
    0x080036d2   0x080036d2   0x00000002   PAD
    0x080036d4   0x080036d4   0x00000080   Code   RO         1255    .text.TIM_OC1_SetConfig  stm32g4xx_hal_tim.o
    0x08003754   0x08003754   0x00000070   Code   RO         1257    .text.TIM_OC2_SetConfig  stm32g4xx_hal_tim.o
    0x080037c4   0x080037c4   0x00000078   Code   RO         1259    .text.TIM_OC3_SetConfig  stm32g4xx_hal_tim.o
    0x0800383c   0x0800383c   0x00000080   Code   RO         1261    .text.TIM_OC4_SetConfig  stm32g4xx_hal_tim.o
    0x080038bc   0x080038bc   0x00000054   Code   RO         1263    .text.TIM_OC5_SetConfig  stm32g4xx_hal_tim.o
    0x08003910   0x08003910   0x0000005c   Code   RO         1265    .text.TIM_OC6_SetConfig  stm32g4xx_hal_tim.o
    0x0800396c   0x0800396c   0x000000d4   Code   RO         1309    .text.TIM_SlaveTimer_SetConfig  stm32g4xx_hal_tim.o
    0x08003a40   0x08003a40   0x00000022   Code   RO         1301    .text.TIM_TI1_ConfigInputStage  stm32g4xx_hal_tim.o
    0x08003a62   0x08003a62   0x00000002   PAD
    0x08003a64   0x08003a64   0x00000068   Code   RO         1269    .text.TIM_TI1_SetConfig  stm32g4xx_hal_tim.o
    0x08003acc   0x08003acc   0x00000024   Code   RO         1303    .text.TIM_TI2_ConfigInputStage  stm32g4xx_hal_tim.o
    0x08003af0   0x08003af0   0x00000032   Code   RO         1271    .text.TIM_TI2_SetConfig  stm32g4xx_hal_tim.o
    0x08003b22   0x08003b22   0x00000002   PAD
    0x08003b24   0x08003b24   0x00000048   Code   RO         1969    .text.UARTEx_SetNbDataToProcess  stm32g4xx_hal_uart_ex.o
    0x08003b6c   0x08003b6c   0x000000a8   Code   RO         1713    .text.UART_AdvFeatureConfig  stm32g4xx_hal_uart.o
    0x08003c14   0x08003c14   0x00000092   Code   RO         1717    .text.UART_CheckIdleState  stm32g4xx_hal_uart.o
    0x08003ca6   0x08003ca6   0x00000002   PAD
    0x08003ca8   0x08003ca8   0x0000003c   Code   RO         1769    .text.UART_EndRxTransfer  stm32g4xx_hal_uart.o
    0x08003ce4   0x08003ce4   0x00000048   Code   RO           19    .text.UART_Proc     main.o
    0x08003d2c   0x08003d2c   0x0000000c   Code   RO          148    .text.UART_Receive  usart.o
    0x08003d38   0x08003d38   0x00000214   Code   RO         1715    .text.UART_SetConfig  stm32g4xx_hal_uart.o
    0x08003f4c   0x08003f4c   0x00000010   Code   RO          146    .text.UART_Transmit  usart.o
    0x08003f5c   0x08003f5c   0x00000088   Code   RO         1731    .text.UART_WaitOnFlagUntilTimeout  stm32g4xx_hal_uart.o
    0x08003fe4   0x08003fe4   0x00000002   Code   RO          167    .text.UsageFault_Handler  stm32g4xx_it.o
    0x08003fe6   0x08003fe6   0x00000010   Code   RO           23    .text.fputc         main.o
    0x08003ff6   0x08003ff6   0x00000002   PAD
    0x08003ff8   0x08003ff8   0x0000008c   Code   RO           11    .text.main          main.o
    0x08004084   0x08004084   0x00000020   Code   RO         2232    i.__0printf$8       mc_w.l(printf8.o)
    0x080040a4   0x080040a4   0x00000028   Code   RO         2234    i.__0sprintf$8      mc_w.l(printf8.o)
    0x080040cc   0x080040cc   0x0000000e   Code   RO         2335    i.__scatterload_copy  mc_w.l(handlers.o)
    0x080040da   0x080040da   0x00000002   Code   RO         2336    i.__scatterload_null  mc_w.l(handlers.o)
    0x080040dc   0x080040dc   0x0000000e   Code   RO         2337    i.__scatterload_zeroinit  mc_w.l(handlers.o)
    0x080040ea   0x080040ea   0x00000002   PAD
    0x080040ec   0x080040ec   0x00000410   Code   RO         2239    i._printf_core      mc_w.l(printf8.o)
    0x080044fc   0x080044fc   0x00000024   Code   RO         2240    i._printf_post_padding  mc_w.l(printf8.o)
    0x08004520   0x08004520   0x0000002e   Code   RO         2241    i._printf_pre_padding  mc_w.l(printf8.o)
    0x0800454e   0x0800454e   0x0000000a   Code   RO         2243    i._sputc            mc_w.l(printf8.o)
    0x08004558   0x08004558   0x00000010   Data   RO         2009    .rodata.AHBPrescTable  system_stm32g4xx.o
    0x08004568   0x08004568   0x00000008   Data   RO         2010    .rodata.APBPrescTable  system_stm32g4xx.o
    0x08004570   0x08004570   0x000011d0   Data   RO          277    .rodata.ASCII_Table  lcd.o
    0x08005740   0x08005740   0x00000018   Data   RO         1941    .rodata.UARTPrescTable  stm32g4xx_hal_uart.o
    0x08005758   0x08005758   0x00000010   Data   RO         1942    .rodata.cst16       stm32g4xx_hal_uart.o
    0x08005768   0x08005768   0x00000010   Data   RO         1995    .rodata.cst8        stm32g4xx_hal_uart_ex.o
    0x08005778   0x08005778   0x00000020   Data   RO         2334    Region$$Table       anon$$obj.o


    Execution Region RW_IRAM1 (Exec base: 0x20000000, Load base: 0x08005798, Size: 0x000006b8, Max: 0x00008000, ABSOLUTE)

    Exec Addr    Load Addr    Size         Type   Attr      Idx    E Section Name        Object

    0x20000000   0x08005798   0x00000004   Data   RW         2300    .data               mc_w.l(stdout.o)
    0x20000004   0x0800579c   0x00000002   Data   RW           28    .data..L_MergedGlobals  main.o
    0x20000006   0x0800579e   0x00000002   PAD
    0x20000008   0x080057a0   0x00000008   Data   RW          622    .data..L_MergedGlobals  stm32g4xx_hal.o
    0x20000010   0x080057a8   0x00000002   Data   RW          280    .data.BackColor     lcd.o
    0x20000012   0x080057aa   0x00000002   PAD
    0x20000014   0x080057ac   0x00000004   Data   RW         2008    .data.SystemCoreClock  system_stm32g4xx.o
    0x20000018        -       0x0000003d   Zero   RW           29    .bss..L_MergedGlobals.6  main.o
    0x20000055   0x080057b0   0x00000003   PAD
    0x20000058        -       0x00000004   Zero   RW           90    .bss.HAL_RCC_ADC12_CLK_ENABLED  adc.o
    0x2000005c        -       0x00000002   Zero   RW          179    .bss.SysTick_Handler.usTms  stm32g4xx_it.o
    0x2000005e        -       0x00000002   Zero   RW          279    .bss.TextColor      lcd.o
    0x20000060        -       0x00000002   Zero   RW          278    .bss.dummy          lcd.o
    0x20000062   0x080057b0   0x00000002   PAD
    0x20000064        -       0x0000006c   Zero   RW           88    .bss.hadc1          adc.o
    0x200000d0        -       0x0000006c   Zero   RW           89    .bss.hadc2          adc.o
    0x2000013c        -       0x0000004c   Zero   RW          129    .bss.htim1          tim.o
    0x20000188        -       0x0000004c   Zero   RW          130    .bss.htim2          tim.o
    0x200001d4        -       0x0000004c   Zero   RW          131    .bss.htim3          tim.o
    0x20000220        -       0x00000094   Zero   RW          150    .bss.huart1         usart.o
    0x200002b4        -       0x00000004   Zero   RW          621    .bss.uwTick         stm32g4xx_hal.o
    0x200002b8        -       0x00000400   Zero   RW            1    STACK               startup_stm32g431xx.o


==============================================================================

Image component sizes


      Code (inc. data)   RO Data    RW Data    ZI Data      Debug   Object Name

       606         44          0          0        220       8474   adc.o
       588         28          0          0          0       4221   gpio.o
       426          8          0          0          0       2965   i2c.o
      1564         52       4560          2          4      10635   lcd.o
       708        168          0          2         61       2867   main.o
        36          8        472          0       1024        836   startup_stm32g431xx.o
       156          8          0          8          4       9099   stm32g4xx_hal.o
      2080         92          0          0          0      25054   stm32g4xx_hal_adc.o
       306         12          0          0          0      22451   stm32g4xx_hal_adc_ex.o
       148         20          0          0          0      10342   stm32g4xx_hal_cortex.o
       450         20          0          0          0       5403   stm32g4xx_hal_gpio.o
        52          4          0          0          0       1758   stm32g4xx_hal_msp.o
       198         12          0          0          0       9439   stm32g4xx_hal_pwr_ex.o
      1688         60          0          0          0       9717   stm32g4xx_hal_rcc.o
       526          8          0          0          0      10607   stm32g4xx_hal_rcc_ex.o
      2702        158          0          0          0      53232   stm32g4xx_hal_tim.o
       288         20          0          0          0      28759   stm32g4xx_hal_tim_ex.o
      1666         98         40          0          0      34822   stm32g4xx_hal_uart.o
       248          8         16          0          0      10640   stm32g4xx_hal_uart_ex.o
        84         16          0          0          2       4792   stm32g4xx_it.o
       102          0          0          0          0       1963   sys.o
        16          4         24          4          0       2813   system_stm32g4xx.o
       848         48          0          0        228      10648   tim.o
       268         20          0          0        148       7432   usart.o

    ----------------------------------------------------------------------
     15780        916       5144         20       1696     288969   Object Totals
         0          0         32          0          0          0   (incl. Generated)
        26          0          0          4          5          0   (incl. Padding)

    ----------------------------------------------------------------------

      Code (inc. data)   RO Data    RW Data    ZI Data      Debug   Library Member Name

         0          0          0          0          0          0   entry.o
         0          0          0          0          0          0   entry10a.o
         0          0          0          0          0          0   entry11a.o
         8          4          0          0          0          0   entry2.o
         4          0          0          0          0          0   entry5.o
         0          0          0          0          0          0   entry7b.o
         0          0          0          0          0          0   entry8b.o
         8          4          0          0          0          0   entry9a.o
        30          0          0          0          0          0   handlers.o
        48         10          0          0          0         68   init.o
        30          0          0          0          0         68   llshl.o
        32          0          0          0          0         68   llushr.o
        36          0          0          0          0        108   memseta.o
      1204         60          0          0          0        504   printf8.o
         0          0          0          4          0          0   stdout.o
        98          0          0          0          0         92   uldiv.o

    ----------------------------------------------------------------------
      1500         78          0          4          0        908   Library Totals
         2          0          0          0          0          0   (incl. Padding)

    ----------------------------------------------------------------------

      Code (inc. data)   RO Data    RW Data    ZI Data      Debug   Library Name

      1498         78          0          4          0        908   mc_w.l

    ----------------------------------------------------------------------
      1500         78          0          4          0        908   Library Totals

    ----------------------------------------------------------------------

==============================================================================


      Code (inc. data)   RO Data    RW Data    ZI Data      Debug   

     17280        994       5144         24       1696     289225   Grand Totals
     17280        994       5144         24       1696     289225   ELF Image Totals
     17280        994       5144         24          0          0   ROM Totals

==============================================================================

    Total RO  Size (Code + RO Data)                22424 (  21.90kB)
    Total RW  Size (RW Data + ZI Data)              1720 (   1.68kB)
    Total ROM Size (Code + RO Data + RW Data)      22448 (  21.92kB)

==============================================================================

